###############################################################################
#
# IAR ELF Linker V9.30.1.335/W64 for ARM                  19/Jan/2024  11:56:54
# Copyright 2007-2022 IAR Systems AB.
#
#    Output file  =
#        E:\STM32H743_IAP\1.Firmware\STM32H743_Bootloader\EWARM\STM32H743_Bootloader\Exe\STM32H743_Bootloader.out_nochecksum
#    Map file     =
#        E:\STM32H743_IAP\1.Firmware\STM32H743_Bootloader\EWARM\STM32H743_Bootloader\List\STM32H743_Bootloader.map
#    Command line =
#        -f
#        E:\STM32H743_IAP\1.Firmware\STM32H743_Bootloader\EWARM\STM32H743_Bootloader\Exe\STM32H743_Bootloader.out_nochecksum.rsp
#        (E:\STM32H743_IAP\1.Firmware\STM32H743_Bootloader\EWARM\STM32H743_Bootloader\Obj\Drivers\Bootloader\Bootloader.o
#        E:\STM32H743_IAP\1.Firmware\STM32H743_Bootloader\EWARM\STM32H743_Bootloader\Obj\Middlewares\FreeRTOS\cmsis_os.o
#        E:\STM32H743_IAP\1.Firmware\STM32H743_Bootloader\EWARM\STM32H743_Bootloader\Obj\Application\User\Core\crc.o
#        E:\STM32H743_IAP\1.Firmware\STM32H743_Bootloader\EWARM\STM32H743_Bootloader\Obj\Middlewares\FreeRTOS\croutine.o
#        E:\STM32H743_IAP\1.Firmware\STM32H743_Bootloader\EWARM\STM32H743_Bootloader\Obj\Middlewares\FreeRTOS\event_groups.o
#        E:\STM32H743_IAP\1.Firmware\STM32H743_Bootloader\EWARM\STM32H743_Bootloader\Obj\Application\User\Core\freertos.o
#        E:\STM32H743_IAP\1.Firmware\STM32H743_Bootloader\EWARM\STM32H743_Bootloader\Obj\Application\User\Core\gpio.o
#        E:\STM32H743_IAP\1.Firmware\STM32H743_Bootloader\EWARM\STM32H743_Bootloader\Obj\Middlewares\FreeRTOS\heap_4.o
#        E:\STM32H743_IAP\1.Firmware\STM32H743_Bootloader\EWARM\STM32H743_Bootloader\Obj\Drivers\InternalFlash\InternalFlash.o
#        E:\STM32H743_IAP\1.Firmware\STM32H743_Bootloader\EWARM\STM32H743_Bootloader\Obj\Middlewares\FreeRTOS\list.o
#        E:\STM32H743_IAP\1.Firmware\STM32H743_Bootloader\EWARM\STM32H743_Bootloader\Obj\Application\User\Core\main.o
#        E:\STM32H743_IAP\1.Firmware\STM32H743_Bootloader\EWARM\STM32H743_Bootloader\Obj\Middlewares\FreeRTOS\port.o
#        E:\STM32H743_IAP\1.Firmware\STM32H743_Bootloader\EWARM\STM32H743_Bootloader\Obj\Middlewares\FreeRTOS\portasm.o
#        E:\STM32H743_IAP\1.Firmware\STM32H743_Bootloader\EWARM\STM32H743_Bootloader\Obj\Middlewares\FreeRTOS\queue.o
#        E:\STM32H743_IAP\1.Firmware\STM32H743_Bootloader\EWARM\STM32H743_Bootloader\Obj\Application\EWARM\startup_stm32h743xx.o
#        E:\STM32H743_IAP\1.Firmware\STM32H743_Bootloader\EWARM\STM32H743_Bootloader\Obj\Drivers\STM32H7xx_HAL_Driver\stm32h7xx_hal.o
#        E:\STM32H743_IAP\1.Firmware\STM32H743_Bootloader\EWARM\STM32H743_Bootloader\Obj\Drivers\STM32H7xx_HAL_Driver\stm32h7xx_hal_cortex.o
#        E:\STM32H743_IAP\1.Firmware\STM32H743_Bootloader\EWARM\STM32H743_Bootloader\Obj\Drivers\STM32H7xx_HAL_Driver\stm32h7xx_hal_crc.o
#        E:\STM32H743_IAP\1.Firmware\STM32H743_Bootloader\EWARM\STM32H743_Bootloader\Obj\Drivers\STM32H7xx_HAL_Driver\stm32h7xx_hal_crc_ex.o
#        E:\STM32H743_IAP\1.Firmware\STM32H743_Bootloader\EWARM\STM32H743_Bootloader\Obj\Drivers\STM32H7xx_HAL_Driver\stm32h7xx_hal_dma.o
#        E:\STM32H743_IAP\1.Firmware\STM32H743_Bootloader\EWARM\STM32H743_Bootloader\Obj\Drivers\STM32H7xx_HAL_Driver\stm32h7xx_hal_dma_ex.o
#        E:\STM32H743_IAP\1.Firmware\STM32H743_Bootloader\EWARM\STM32H743_Bootloader\Obj\Drivers\STM32H7xx_HAL_Driver\stm32h7xx_hal_exti.o
#        E:\STM32H743_IAP\1.Firmware\STM32H743_Bootloader\EWARM\STM32H743_Bootloader\Obj\Drivers\STM32H7xx_HAL_Driver\stm32h7xx_hal_flash.o
#        E:\STM32H743_IAP\1.Firmware\STM32H743_Bootloader\EWARM\STM32H743_Bootloader\Obj\Drivers\STM32H7xx_HAL_Driver\stm32h7xx_hal_flash_ex.o
#        E:\STM32H743_IAP\1.Firmware\STM32H743_Bootloader\EWARM\STM32H743_Bootloader\Obj\Drivers\STM32H7xx_HAL_Driver\stm32h7xx_hal_gpio.o
#        E:\STM32H743_IAP\1.Firmware\STM32H743_Bootloader\EWARM\STM32H743_Bootloader\Obj\Drivers\STM32H7xx_HAL_Driver\stm32h7xx_hal_hsem.o
#        E:\STM32H743_IAP\1.Firmware\STM32H743_Bootloader\EWARM\STM32H743_Bootloader\Obj\Drivers\STM32H7xx_HAL_Driver\stm32h7xx_hal_i2c.o
#        E:\STM32H743_IAP\1.Firmware\STM32H743_Bootloader\EWARM\STM32H743_Bootloader\Obj\Drivers\STM32H7xx_HAL_Driver\stm32h7xx_hal_i2c_ex.o
#        E:\STM32H743_IAP\1.Firmware\STM32H743_Bootloader\EWARM\STM32H743_Bootloader\Obj\Drivers\STM32H7xx_HAL_Driver\stm32h7xx_hal_mdma.o
#        E:\STM32H743_IAP\1.Firmware\STM32H743_Bootloader\EWARM\STM32H743_Bootloader\Obj\Application\User\Core\stm32h7xx_hal_msp.o
#        E:\STM32H743_IAP\1.Firmware\STM32H743_Bootloader\EWARM\STM32H743_Bootloader\Obj\Drivers\STM32H7xx_HAL_Driver\stm32h7xx_hal_pwr.o
#        E:\STM32H743_IAP\1.Firmware\STM32H743_Bootloader\EWARM\STM32H743_Bootloader\Obj\Drivers\STM32H7xx_HAL_Driver\stm32h7xx_hal_pwr_ex.o
#        E:\STM32H743_IAP\1.Firmware\STM32H743_Bootloader\EWARM\STM32H743_Bootloader\Obj\Drivers\STM32H7xx_HAL_Driver\stm32h7xx_hal_rcc.o
#        E:\STM32H743_IAP\1.Firmware\STM32H743_Bootloader\EWARM\STM32H743_Bootloader\Obj\Drivers\STM32H7xx_HAL_Driver\stm32h7xx_hal_rcc_ex.o
#        E:\STM32H743_IAP\1.Firmware\STM32H743_Bootloader\EWARM\STM32H743_Bootloader\Obj\Drivers\STM32H7xx_HAL_Driver\stm32h7xx_hal_tim.o
#        E:\STM32H743_IAP\1.Firmware\STM32H743_Bootloader\EWARM\STM32H743_Bootloader\Obj\Drivers\STM32H7xx_HAL_Driver\stm32h7xx_hal_tim_ex.o
#        E:\STM32H743_IAP\1.Firmware\STM32H743_Bootloader\EWARM\STM32H743_Bootloader\Obj\Application\User\Core\stm32h7xx_hal_timebase_tim.o
#        E:\STM32H743_IAP\1.Firmware\STM32H743_Bootloader\EWARM\STM32H743_Bootloader\Obj\Drivers\STM32H7xx_HAL_Driver\stm32h7xx_hal_uart.o
#        E:\STM32H743_IAP\1.Firmware\STM32H743_Bootloader\EWARM\STM32H743_Bootloader\Obj\Drivers\STM32H7xx_HAL_Driver\stm32h7xx_hal_uart_ex.o
#        E:\STM32H743_IAP\1.Firmware\STM32H743_Bootloader\EWARM\STM32H743_Bootloader\Obj\Application\User\Core\stm32h7xx_it.o
#        E:\STM32H743_IAP\1.Firmware\STM32H743_Bootloader\EWARM\STM32H743_Bootloader\Obj\Middlewares\FreeRTOS\stream_buffer.o
#        E:\STM32H743_IAP\1.Firmware\STM32H743_Bootloader\EWARM\STM32H743_Bootloader\Obj\Drivers\CMSIS\system_stm32h7xx.o
#        E:\STM32H743_IAP\1.Firmware\STM32H743_Bootloader\EWARM\STM32H743_Bootloader\Obj\Middlewares\FreeRTOS\tasks.o
#        E:\STM32H743_IAP\1.Firmware\STM32H743_Bootloader\EWARM\STM32H743_Bootloader\Obj\Middlewares\FreeRTOS\timers.o
#        E:\STM32H743_IAP\1.Firmware\STM32H743_Bootloader\EWARM\STM32H743_Bootloader\Obj\Application\User\Core\usart.o
#        E:\STM32H743_IAP\1.Firmware\STM32H743_Bootloader\EWARM\STM32H743_Bootloader\Obj\Application\User\Core\write.o
#        E:\STM32H743_IAP\1.Firmware\STM32H743_Bootloader\EWARM\STM32H743_Bootloader\Obj\Drivers\ymodem\ymodem.o
#        --no_out_extension -o
#        E:\STM32H743_IAP\1.Firmware\STM32H743_Bootloader\EWARM\STM32H743_Bootloader\Exe\STM32H743_Bootloader.out_nochecksum
#        --redirect _Printf=_PrintfFullNoMb --redirect _Scanf=_ScanfFullNoMb
#        --map
#        E:\STM32H743_IAP\1.Firmware\STM32H743_Bootloader\EWARM\STM32H743_Bootloader\List\STM32H743_Bootloader.map
#        --config
#        E:\STM32H743_IAP\1.Firmware\STM32H743_Bootloader\EWARM/stm32h743xx_flash.icf
#        --keep __checksum --semihosting --entry __iar_program_start
#        --place_holder __checksum,4,.checksum,4 --define_symbol
#        __checksum_begin=0x8000000 --define_symbol __checksum_end=0x80ffffb
#        --redirect __iar_sh_stdout=__iar_sh_stdout_swo --vfe --text_out locale
#        --cpu=Cortex-M7 --fpu=VFPv5_d16)
#
###############################################################################

*******************************************************************************
*** RUNTIME MODEL ATTRIBUTES
***

CppFlavor       = *
__CPP_Runtime   = 1
__SystemLibrary = DLib
__dlib_version  = 6


*******************************************************************************
*** HEAP SELECTION
***

The basic heap was selected because --advanced_heap
was not specified and the application did not appear to
be primarily optimized for speed.


*******************************************************************************
*** PLACEMENT SUMMARY
***

"A0":  place at address 0x800'0000 { ro section .intvec };
"A1":  place at end of [from 0x800'0000 to 0x80f'ffff] { ro section .checksum };
"P1":  place in [from 0x800'0000 to 0x80f'ffff] { ro };
define block CSTACK with size = 16K, alignment = 8 { };
define block HEAP with size = 8K, alignment = 8 { };
"P2":  place in [from 0x2000'0000 to 0x2001'ffff] {
          rw, block CSTACK, block HEAP };
initialize by copy { rw };

  Section            Kind         Address    Size  Object
  -------            ----         -------    ----  ------
"A0":                                       0x298
  .intvec            ro code   0x800'0000   0x298  startup_stm32h743xx.o [1]
                             - 0x800'0298   0x298

"P1":                                      0x61f6
  .text              ro code   0x800'0298   0xeaa  xprintffull_nomb.o [9]
  .text              ro code   0x800'1142    0x3a  packbits_init_single.o [11]
  .text              ro code   0x800'117c    0x16  strchr.o [11]
  .text              ro code   0x800'1192     0xa  xsprout.o [9]
  .text              ro code   0x800'119c    0x40  xfail_s.o [9]
  .text              ro code   0x800'11dc    0x36  strlen.o [11]
  .rodata            const     0x800'1212     0x2  xlocale_c.o [9]
  .text              ro code   0x800'1214    0x58  memchr.o [11]
  .text              ro code   0x800'126c    0x18  ABImemcpy_small.o [11]
  .text              ro code   0x800'1284    0x70  frexp.o [10]
  .text              ro code   0x800'12f4    0x34  DblCmpLe.o [10]
  .text              ro code   0x800'1328    0x34  DblCmpGe.o [10]
  .text              ro code   0x800'135c   0x104  ldexp.o [10]
  .text              ro code   0x800'1460     0xe  DblToS32.o [10]
  .text              ro code   0x800'146e     0xe  S32ToDbl.o [10]
  .text              ro code   0x800'147c    0x12  DblSub.o [10]
  .text              ro code   0x800'148e    0x12  DblDiv.o [10]
  .text              ro code   0x800'14a0     0xe  DblToU32.o [10]
  .text              ro code   0x800'14ae     0xe  U32ToDbl.o [10]
  .text              ro code   0x800'14bc    0x12  DblMul.o [10]
  .rodata            const     0x800'14ce     0x1  xlocale_c.o [9]
  .text              ro code   0x800'14d0     0x8  xlocale_c.o [9]
  .text              ro code   0x800'14d8   0x106  I64DivMod_small.o [11]
  .text              ro code   0x800'15de     0x6  abort.o [9]
  .text              ro code   0x800'15e4     0x2  I64DivZer.o [11]
  .text              ro code   0x800'15e8    0x14  exit.o [12]
  .text              ro code   0x800'15fc   0xbb0  stm32h7xx_hal_rcc_ex.o [6]
  .text              ro code   0x800'21ac     0xc  stm32h7xx_hal.o [6]
  .text              ro code   0x800'21b8   0x3f4  stm32h7xx_hal_rcc.o [6]
  .text              ro code   0x800'25ac    0x90  stm32h7xx_hal_timebase_tim.o [2]
  .text              ro code   0x800'263c    0x9c  stm32h7xx_hal_cortex.o [6]
  .text              ro code   0x800'26d8   0x344  stm32h7xx_hal_tim.o [6]
  .text              ro code   0x800'2a1c     0x2  stm32h7xx_hal_tim.o [6]
  .text              ro code   0x800'2a1e     0x2  stm32h7xx_hal_tim.o [6]
  .text              ro code   0x800'2a20     0x2  stm32h7xx_hal_tim.o [6]
  .text              ro code   0x800'2a24   0x140  main.o [2]
  .text              ro code   0x800'2b64     0x2  stm32h7xx_hal_tim_ex.o [6]
  .text              ro code   0x800'2b66     0x2  stm32h7xx_hal_tim_ex.o [6]
  .text              ro code   0x800'2b68     0x2  stm32h7xx_hal_tim.o [6]
  .text              ro code   0x800'2b6a     0x2  stm32h7xx_hal_tim_ex.o [6]
  .text              ro code   0x800'2b6c     0x2  stm32h7xx_hal_tim.o [6]
  .text              ro code   0x800'2b70    0x68  stm32h7xx_hal.o [6]
  .text              ro code   0x800'2bd8    0xf0  gpio.o [2]
  .text              ro code   0x800'2cc8    0x68  crc.o [2]
  .text              ro code   0x800'2d30    0xec  usart.o [2]
  .text              ro code   0x800'2e1c   0x198  Bootloader.o [3]
  .text              ro code   0x800'2fb4   0x138  freertos.o [2]
  .text              ro code   0x800'30ec    0x82  cmsis_os.o [8]
  .text              ro code   0x800'3170     0x6  ABImemclr4.o [11]
  .text              ro code   0x800'3178    0x48  stm32h7xx_hal_pwr_ex.o [6]
  .text              ro code   0x800'31c0   0x510  stm32h7xx_hal_rcc.o [6]
  .text              ro code   0x800'36d0    0x10  stm32h7xx_hal.o [6]
  .text              ro code   0x800'36e0    0x28  stm32h7xx_hal_msp.o [2]
  .text              ro code   0x800'3708    0x14  memset.o [11]
  .text              ro code   0x800'371c   0x248  stm32h7xx_hal_gpio.o [6]
  .text              ro code   0x800'3964   0x156  stm32h7xx_hal_crc.o [6]
  .text              ro code   0x800'3abc   0x880  stm32h7xx_hal_uart.o [6]
  .text              ro code   0x800'433c    0xf4  stm32h7xx_hal_uart_ex.o [6]
  .text              ro code   0x800'4430   0x20e  InternalFlash.o [5]
  .text              ro code   0x800'4640   0x4c4  stm32h7xx_hal_flash_ex.o [6]
  .text              ro code   0x800'4b04   0x32c  stm32h7xx_hal_flash.o [6]
  .text              ro code   0x800'4e30    0x28  printf.o [9]
  .text              ro code   0x800'4e58   0x700  tasks.o [8]
  .text              ro code   0x800'5558   0x43e  ymodem.o [7]
  .text              ro code   0x800'5998    0x32  ABImemset48.o [11]
  .text              ro code   0x800'59cc    0x12  ABImemset_small.o [11]
  .text              ro code   0x800'59de    0x50  stm32h7xx_hal_crc_ex.o [6]
  .text              ro code   0x800'5a30   0x1b0  heap_4.o [8]
  .text              ro code   0x800'5be0    0x94  list.o [8]
  .text              ro code   0x800'5c74   0x1c6  port.o [8]
  .text              ro code   0x800'5e3c     0x6  ABImemclr.o [11]
  .text              ro code   0x800'5e44    0x40  sprintf.o [9]
  .text              ro code   0x800'5e84    0x2c  port.o [8]
  CODE               ro code   0x800'5eb0    0xb0  portasm.o [8]
  .text              ro code   0x800'5f60    0xd4  system_stm32h7xx.o [4]
  .text              ro code   0x800'6034    0x44  putchar.o [9]
  .text              ro code   0x800'6078    0x2c  write.o [2]
  .text              ro code   0x800'60a4    0x38  zero_init3.o [11]
  .text              ro code   0x800'60dc    0x28  data_init.o [11]
  .text              ro code   0x800'6104    0x22  fpinit_M.o [10]
  .iar.init_table    const     0x800'6128    0x20  - Linker created -
  .text              ro code   0x800'6148    0x1e  cmain.o [11]
  .text              ro code   0x800'6166     0x4  low_level_init.o [9]
  .text              ro code   0x800'616a     0x4  exit.o [9]
  .text              ro code   0x800'6170     0xa  cexit.o [11]
  .text              ro code   0x800'617c    0x1c  cstartup_M.o [11]
  .text              ro code   0x800'6198    0x18  stm32h7xx_it.o [2]
  .text              ro code   0x800'61b0    0x16  xprout.o [9]
  .text              ro code   0x800'61c8    0x10  startup_stm32h743xx.o [1]
  .rodata            const     0x800'61d8     0xc  freertos.o [2]
  .rodata            const     0x800'61e4     0xc  freertos.o [2]
  .rodata            const     0x800'61f0     0x8  freertos.o [2]
  .text              ro code   0x800'61f8     0x4  startup_stm32h743xx.o [1]
  .text              ro code   0x800'61fc     0x4  startup_stm32h743xx.o [1]
  .text              ro code   0x800'6200     0x4  startup_stm32h743xx.o [1]
  .text              ro code   0x800'6204     0x4  startup_stm32h743xx.o [1]
  .text              ro code   0x800'6208     0x4  startup_stm32h743xx.o [1]
  .text              ro code   0x800'620c     0x4  startup_stm32h743xx.o [1]
  .text              ro code   0x800'6210     0x4  startup_stm32h743xx.o [1]
  .text              ro code   0x800'6214     0x4  startup_stm32h743xx.o [1]
  .text              ro code   0x800'6218     0x4  startup_stm32h743xx.o [1]
  .text              ro code   0x800'621c     0x4  startup_stm32h743xx.o [1]
  .text              ro code   0x800'6220     0x4  startup_stm32h743xx.o [1]
  .text              ro code   0x800'6224     0x4  startup_stm32h743xx.o [1]
  .text              ro code   0x800'6228     0x4  startup_stm32h743xx.o [1]
  .text              ro code   0x800'622c     0x4  startup_stm32h743xx.o [1]
  .text              ro code   0x800'6230     0x4  startup_stm32h743xx.o [1]
  .text              ro code   0x800'6234     0x4  startup_stm32h743xx.o [1]
  .text              ro code   0x800'6238     0x4  startup_stm32h743xx.o [1]
  .text              ro code   0x800'623c     0x4  startup_stm32h743xx.o [1]
  .text              ro code   0x800'6240     0x4  startup_stm32h743xx.o [1]
  .text              ro code   0x800'6244     0x4  startup_stm32h743xx.o [1]
  .text              ro code   0x800'6248     0x4  startup_stm32h743xx.o [1]
  .text              ro code   0x800'624c     0x4  startup_stm32h743xx.o [1]
  .text              ro code   0x800'6250     0x4  startup_stm32h743xx.o [1]
  .text              ro code   0x800'6254     0x4  startup_stm32h743xx.o [1]
  .text              ro code   0x800'6258     0x4  startup_stm32h743xx.o [1]
  .text              ro code   0x800'625c     0x4  startup_stm32h743xx.o [1]
  .text              ro code   0x800'6260     0x4  startup_stm32h743xx.o [1]
  .text              ro code   0x800'6264     0x4  startup_stm32h743xx.o [1]
  .text              ro code   0x800'6268     0x4  startup_stm32h743xx.o [1]
  .text              ro code   0x800'626c     0x4  startup_stm32h743xx.o [1]
  .text              ro code   0x800'6270     0x4  startup_stm32h743xx.o [1]
  .text              ro code   0x800'6274     0x4  startup_stm32h743xx.o [1]
  .text              ro code   0x800'6278     0x4  startup_stm32h743xx.o [1]
  .text              ro code   0x800'627c     0x4  startup_stm32h743xx.o [1]
  .text              ro code   0x800'6280     0x4  startup_stm32h743xx.o [1]
  .text              ro code   0x800'6284     0x4  startup_stm32h743xx.o [1]
  .text              ro code   0x800'6288     0x4  startup_stm32h743xx.o [1]
  .text              ro code   0x800'628c     0x4  startup_stm32h743xx.o [1]
  .text              ro code   0x800'6290     0x4  startup_stm32h743xx.o [1]
  .text              ro code   0x800'6294     0x4  startup_stm32h743xx.o [1]
  .text              ro code   0x800'6298     0x4  startup_stm32h743xx.o [1]
  .text              ro code   0x800'629c     0x4  startup_stm32h743xx.o [1]
  .text              ro code   0x800'62a0     0x4  startup_stm32h743xx.o [1]
  .text              ro code   0x800'62a4     0x4  startup_stm32h743xx.o [1]
  .text              ro code   0x800'62a8     0x4  startup_stm32h743xx.o [1]
  .text              ro code   0x800'62ac     0x4  startup_stm32h743xx.o [1]
  .text              ro code   0x800'62b0     0x4  startup_stm32h743xx.o [1]
  .text              ro code   0x800'62b4     0x4  startup_stm32h743xx.o [1]
  .text              ro code   0x800'62b8     0x4  startup_stm32h743xx.o [1]
  .text              ro code   0x800'62bc     0x4  startup_stm32h743xx.o [1]
  .text              ro code   0x800'62c0     0x4  startup_stm32h743xx.o [1]
  .text              ro code   0x800'62c4     0x4  startup_stm32h743xx.o [1]
  .text              ro code   0x800'62c8     0x4  startup_stm32h743xx.o [1]
  .text              ro code   0x800'62cc     0x4  startup_stm32h743xx.o [1]
  .text              ro code   0x800'62d0     0x4  startup_stm32h743xx.o [1]
  .text              ro code   0x800'62d4     0x4  startup_stm32h743xx.o [1]
  .text              ro code   0x800'62d8     0x4  startup_stm32h743xx.o [1]
  .text              ro code   0x800'62dc     0x4  startup_stm32h743xx.o [1]
  .text              ro code   0x800'62e0     0x4  startup_stm32h743xx.o [1]
  .text              ro code   0x800'62e4     0x4  startup_stm32h743xx.o [1]
  .text              ro code   0x800'62e8     0x4  startup_stm32h743xx.o [1]
  .text              ro code   0x800'62ec     0x4  startup_stm32h743xx.o [1]
  .text              ro code   0x800'62f0     0x4  startup_stm32h743xx.o [1]
  .text              ro code   0x800'62f4     0x4  startup_stm32h743xx.o [1]
  .text              ro code   0x800'62f8     0x4  startup_stm32h743xx.o [1]
  .text              ro code   0x800'62fc     0x4  startup_stm32h743xx.o [1]
  .text              ro code   0x800'6300     0x4  startup_stm32h743xx.o [1]
  .text              ro code   0x800'6304     0x4  startup_stm32h743xx.o [1]
  .text              ro code   0x800'6308     0x4  startup_stm32h743xx.o [1]
  .text              ro code   0x800'630c     0x4  startup_stm32h743xx.o [1]
  .text              ro code   0x800'6310     0x4  startup_stm32h743xx.o [1]
  .text              ro code   0x800'6314     0x4  startup_stm32h743xx.o [1]
  .text              ro code   0x800'6318     0x4  startup_stm32h743xx.o [1]
  .text              ro code   0x800'631c     0x4  startup_stm32h743xx.o [1]
  .text              ro code   0x800'6320     0x4  startup_stm32h743xx.o [1]
  .text              ro code   0x800'6324     0x4  startup_stm32h743xx.o [1]
  .text              ro code   0x800'6328     0x4  startup_stm32h743xx.o [1]
  .text              ro code   0x800'632c     0x4  startup_stm32h743xx.o [1]
  .text              ro code   0x800'6330     0x4  startup_stm32h743xx.o [1]
  .text              ro code   0x800'6334     0x4  startup_stm32h743xx.o [1]
  .text              ro code   0x800'6338     0x4  startup_stm32h743xx.o [1]
  .text              ro code   0x800'633c     0x4  startup_stm32h743xx.o [1]
  .text              ro code   0x800'6340     0x4  startup_stm32h743xx.o [1]
  .text              ro code   0x800'6344     0x4  startup_stm32h743xx.o [1]
  .text              ro code   0x800'6348     0x4  startup_stm32h743xx.o [1]
  .text              ro code   0x800'634c     0x4  startup_stm32h743xx.o [1]
  .text              ro code   0x800'6350     0x4  startup_stm32h743xx.o [1]
  .text              ro code   0x800'6354     0x4  startup_stm32h743xx.o [1]
  .text              ro code   0x800'6358     0x4  startup_stm32h743xx.o [1]
  .text              ro code   0x800'635c     0x4  startup_stm32h743xx.o [1]
  .text              ro code   0x800'6360     0x4  startup_stm32h743xx.o [1]
  .text              ro code   0x800'6364     0x4  startup_stm32h743xx.o [1]
  .text              ro code   0x800'6368     0x4  startup_stm32h743xx.o [1]
  .text              ro code   0x800'636c     0x4  startup_stm32h743xx.o [1]
  .text              ro code   0x800'6370     0x4  startup_stm32h743xx.o [1]
  .text              ro code   0x800'6374     0x4  startup_stm32h743xx.o [1]
  .text              ro code   0x800'6378     0x4  startup_stm32h743xx.o [1]
  .text              ro code   0x800'637c     0x4  startup_stm32h743xx.o [1]
  .text              ro code   0x800'6380     0x4  startup_stm32h743xx.o [1]
  .text              ro code   0x800'6384     0x4  startup_stm32h743xx.o [1]
  .text              ro code   0x800'6388     0x4  startup_stm32h743xx.o [1]
  .text              ro code   0x800'638c     0x4  startup_stm32h743xx.o [1]
  .text              ro code   0x800'6390     0x4  startup_stm32h743xx.o [1]
  .text              ro code   0x800'6394     0x4  startup_stm32h743xx.o [1]
  .text              ro code   0x800'6398     0x4  startup_stm32h743xx.o [1]
  .text              ro code   0x800'639c     0x4  startup_stm32h743xx.o [1]
  .text              ro code   0x800'63a0     0x4  startup_stm32h743xx.o [1]
  .text              ro code   0x800'63a4     0x4  startup_stm32h743xx.o [1]
  .text              ro code   0x800'63a8     0x4  startup_stm32h743xx.o [1]
  .text              ro code   0x800'63ac     0x4  startup_stm32h743xx.o [1]
  .text              ro code   0x800'63b0     0x4  startup_stm32h743xx.o [1]
  .text              ro code   0x800'63b4     0x4  startup_stm32h743xx.o [1]
  .text              ro code   0x800'63b8     0x4  startup_stm32h743xx.o [1]
  .text              ro code   0x800'63bc     0x4  startup_stm32h743xx.o [1]
  .text              ro code   0x800'63c0     0x4  startup_stm32h743xx.o [1]
  .text              ro code   0x800'63c4     0x4  startup_stm32h743xx.o [1]
  .text              ro code   0x800'63c8     0x4  startup_stm32h743xx.o [1]
  .text              ro code   0x800'63cc     0x4  startup_stm32h743xx.o [1]
  .text              ro code   0x800'63d0     0x4  startup_stm32h743xx.o [1]
  .text              ro code   0x800'63d4     0x4  startup_stm32h743xx.o [1]
  .text              ro code   0x800'63d8     0x4  startup_stm32h743xx.o [1]
  .text              ro code   0x800'63dc     0x4  startup_stm32h743xx.o [1]
  .text              ro code   0x800'63e0     0x4  startup_stm32h743xx.o [1]
  .text              ro code   0x800'63e4     0x4  startup_stm32h743xx.o [1]
  .text              ro code   0x800'63e8     0x4  startup_stm32h743xx.o [1]
  .text              ro code   0x800'63ec     0x4  startup_stm32h743xx.o [1]
  .text              ro code   0x800'63f0     0x4  startup_stm32h743xx.o [1]
  .text              ro code   0x800'63f4     0x4  startup_stm32h743xx.o [1]
  .text              ro code   0x800'63f8     0x4  startup_stm32h743xx.o [1]
  .text              ro code   0x800'63fc     0x4  startup_stm32h743xx.o [1]
  .text              ro code   0x800'6400     0x4  startup_stm32h743xx.o [1]
  .text              ro code   0x800'6404     0x4  startup_stm32h743xx.o [1]
  .text              ro code   0x800'6408     0x4  startup_stm32h743xx.o [1]
  .text              ro code   0x800'640c     0x4  startup_stm32h743xx.o [1]
  .text              ro code   0x800'6410     0x4  startup_stm32h743xx.o [1]
  .text              ro code   0x800'6414     0x4  startup_stm32h743xx.o [1]
  .text              ro code   0x800'6418     0x4  startup_stm32h743xx.o [1]
  .text              ro code   0x800'641c     0x4  startup_stm32h743xx.o [1]
  .rodata            const     0x800'6420     0x0  zero_init3.o [11]
  .rodata            const     0x800'6420     0x0  packbits_init_single.o [11]
  Initializer bytes  const     0x800'6420    0x6e  <for P2-1>
                             - 0x800'648e  0x61f6

"A1":                                         0x4
  .checksum          const     0x80f'fffc     0x4  Place holder __checksum
                             - 0x810'0000     0x4

"P2", part 1 of 3:                           0xa0
  P2-1                        0x2000'0000    0xa0  <Init block>
    .data            inited   0x2000'0000     0xc  port.o [8]
    .data            inited   0x2000'000c     0xc  stm32h7xx_hal.o [6]
    .data            inited   0x2000'0018     0x8  system_stm32h7xx.o [4]
    .data            inited   0x2000'0020    0x38  xlocale_c.o [9]
    .data            inited   0x2000'0058    0x48  xfiles.o [9]
                            - 0x2000'00a0    0xa0

"P2", part 2 of 3:                         0x4e1c
  .bss               zero     0x2000'00a0  0x3c20  heap_4.o [8]
  .bss               zero     0x2000'3cc0   0x8b4  ymodem.o [7]
  .bss               zero     0x2000'4574   0x408  ymodem.o [7]
  .bss               zero     0x2000'497c   0x254  freertos.o [2]
  .bss               zero     0x2000'4bd0    0x9c  tasks.o [8]
  .bss               zero     0x2000'4c6c    0x94  usart.o [2]
  .bss               zero     0x2000'4d00    0x8c  tasks.o [8]
  .bss               zero     0x2000'4d8c    0x50  xfiles.o [9]
  .bss               zero     0x2000'4ddc    0x4c  stm32h7xx_hal_timebase_tim.o [2]
  .bss               zero     0x2000'4e28    0x44  Bootloader.o [3]
  .bss               zero     0x2000'4e6c    0x24  crc.o [2]
  .bss               zero     0x2000'4e90    0x1c  stm32h7xx_hal_flash.o [6]
  .bss               zero     0x2000'4eac     0xc  freertos.o [2]
  .bss               zero     0x2000'4eb8     0x4  xfail_s.o [9]
                            - 0x2000'4ebc  0x4e1c

"P2", part 3 of 3:                         0x4000
  CSTACK                      0x2000'4ec0  0x4000  <Block>
    CSTACK           uninit   0x2000'4ec0  0x4000  <Block tail>
                            - 0x2000'8ec0  0x4000

Unused ranges:

         From           To      Size
         ----           --      ----
   0x800'648e   0x80f'fffb  0xf'9b6e
  0x2000'4ebc  0x2000'4ebf       0x4
  0x2000'8ec0  0x2001'ffff  0x1'7140


*******************************************************************************
*** INIT TABLE
***

          Address      Size
          -------      ----
Zero (__iar_zero_init3)
    1 destination range, total size 0x4e1c:
          0x2000'00a0  0x4e1c

Copy/packbits (__iar_packbits_init_single3)
    1 source range, total size 0x6e (68% of destination):
           0x800'6420    0x6e
    1 destination range, total size 0xa0:
          0x2000'0000    0xa0



*******************************************************************************
*** MODULE SUMMARY
***

    Module                        ro code  ro data  rw data
    ------                        -------  -------  -------
command line/config:
    Place holder __checksum                      4
    -------------------------------------------------------
    Total:                                       4

E:\STM32H743_IAP\1.Firmware\STM32H743_Bootloader\EWARM\STM32H743_Bootloader\Obj\Application\EWARM: [1]
    startup_stm32h743xx.o           1'232
    -------------------------------------------------------
    Total:                          1'232

E:\STM32H743_IAP\1.Firmware\STM32H743_Bootloader\EWARM\STM32H743_Bootloader\Obj\Application\User\Core: [2]
    crc.o                             104                36
    freertos.o                        312       32      608
    gpio.o                            240
    main.o                            320
    stm32h7xx_hal_msp.o                40
    stm32h7xx_hal_timebase_tim.o      144                76
    stm32h7xx_it.o                     24
    usart.o                           236               148
    write.o                            44
    -------------------------------------------------------
    Total:                          1'464       32      868

E:\STM32H743_IAP\1.Firmware\STM32H743_Bootloader\EWARM\STM32H743_Bootloader\Obj\Drivers\Bootloader: [3]
    Bootloader.o                      408                68
    -------------------------------------------------------
    Total:                            408                68

E:\STM32H743_IAP\1.Firmware\STM32H743_Bootloader\EWARM\STM32H743_Bootloader\Obj\Drivers\CMSIS: [4]
    system_stm32h7xx.o                212        6        8
    -------------------------------------------------------
    Total:                            212        6        8

E:\STM32H743_IAP\1.Firmware\STM32H743_Bootloader\EWARM\STM32H743_Bootloader\Obj\Drivers\InternalFlash: [5]
    InternalFlash.o                   526
    -------------------------------------------------------
    Total:                            526

E:\STM32H743_IAP\1.Firmware\STM32H743_Bootloader\EWARM\STM32H743_Bootloader\Obj\Drivers\STM32H7xx_HAL_Driver: [6]
    stm32h7xx_hal.o                   132        8       12
    stm32h7xx_hal_cortex.o            156
    stm32h7xx_hal_crc.o               342
    stm32h7xx_hal_crc_ex.o             80
    stm32h7xx_hal_flash.o             812                28
    stm32h7xx_hal_flash_ex.o        1'220
    stm32h7xx_hal_gpio.o              584
    stm32h7xx_hal_pwr_ex.o             72
    stm32h7xx_hal_rcc.o             2'308
    stm32h7xx_hal_rcc_ex.o          2'992
    stm32h7xx_hal_tim.o               846
    stm32h7xx_hal_tim_ex.o              6
    stm32h7xx_hal_uart.o            2'176
    stm32h7xx_hal_uart_ex.o           244
    -------------------------------------------------------
    Total:                         11'970        8       40

E:\STM32H743_IAP\1.Firmware\STM32H743_Bootloader\EWARM\STM32H743_Bootloader\Obj\Drivers\ymodem: [7]
    ymodem.o                        1'086             3'260
    -------------------------------------------------------
    Total:                          1'086             3'260

E:\STM32H743_IAP\1.Firmware\STM32H743_Bootloader\EWARM\STM32H743_Bootloader\Obj\Middlewares\FreeRTOS: [8]
    cmsis_os.o                        130
    heap_4.o                          432            15'392
    list.o                            148
    port.o                            498        8       12
    portasm.o                         176
    tasks.o                         1'792               296
    -------------------------------------------------------
    Total:                          3'176        8   15'700

dl7M_tlf.a: [9]
    abort.o                             6
    exit.o                              4
    low_level_init.o                    4
    printf.o                           40
    putchar.o                          68
    sprintf.o                          64
    xfail_s.o                          64                 4
    xfiles.o                                    50      152
    xlocale_c.o                         8       41       56
    xprintffull_nomb.o              3'754
    xprout.o                           22
    xsprout.o                          10
    -------------------------------------------------------
    Total:                          4'044       91      212

m7M_tlv.a: [10]
    DblCmpGe.o                         52
    DblCmpLe.o                         52
    DblDiv.o                           18
    DblMul.o                           18
    DblSub.o                           18
    DblToS32.o                         14
    DblToU32.o                         14
    S32ToDbl.o                         14
    U32ToDbl.o                         14
    fpinit_M.o                         34
    frexp.o                           112
    ldexp.o                           260
    -------------------------------------------------------
    Total:                            620

rt7M_tl.a: [11]
    ABImemclr.o                         6
    ABImemclr4.o                        6
    ABImemcpy_small.o                  24
    ABImemset48.o                      50
    ABImemset_small.o                  18
    I64DivMod_small.o                 262
    I64DivZer.o                         2
    cexit.o                            10
    cmain.o                            30
    cstartup_M.o                       28
    data_init.o                        40
    memchr.o                           88
    memset.o                           20
    packbits_init_single.o             58
    strchr.o                           22
    strlen.o                           54
    zero_init3.o                       56
    -------------------------------------------------------
    Total:                            774

shb_l.a: [12]
    exit.o                             20
    -------------------------------------------------------
    Total:                             20

    Gaps                               31        2
    Linker created                              32   16'384
-----------------------------------------------------------
    Grand Total:                   25'563      183   36'540


*******************************************************************************
*** ENTRY LIST
***

Entry                       Address    Size  Type      Object
-----                       -------    ----  ----      ------
.iar.init_table$$Base    0x800'6128           --   Gb  - Linker created -
.iar.init_table$$Limit   0x800'6148           --   Gb  - Linker created -
?main                    0x800'6149          Code  Gb  cmain.o [11]
ADC3_IRQHandler          0x800'63d1          Code  Wk  startup_stm32h743xx.o [1]
ADC_IRQHandler           0x800'6241          Code  Wk  startup_stm32h743xx.o [1]
BDMA_Channel0_IRQHandler
                         0x800'63d9          Code  Wk  startup_stm32h743xx.o [1]
BDMA_Channel1_IRQHandler
                         0x800'63dd          Code  Wk  startup_stm32h743xx.o [1]
BDMA_Channel2_IRQHandler
                         0x800'63e1          Code  Wk  startup_stm32h743xx.o [1]
BDMA_Channel3_IRQHandler
                         0x800'63e5          Code  Wk  startup_stm32h743xx.o [1]
BDMA_Channel4_IRQHandler
                         0x800'63e9          Code  Wk  startup_stm32h743xx.o [1]
BDMA_Channel5_IRQHandler
                         0x800'63ed          Code  Wk  startup_stm32h743xx.o [1]
BDMA_Channel6_IRQHandler
                         0x800'63f1          Code  Wk  startup_stm32h743xx.o [1]
BDMA_Channel7_IRQHandler
                         0x800'63f5          Code  Wk  startup_stm32h743xx.o [1]
BootRun                  0x800'2e37    0x6e  Code  Gb  Bootloader.o [3]
BusFault_Handler         0x800'619f     0x2  Code  Gb  stm32h7xx_it.o [2]
CEC_IRQHandler           0x800'6355          Code  Wk  startup_stm32h743xx.o [1]
COMP1_IRQHandler         0x800'63f9          Code  Wk  startup_stm32h743xx.o [1]
CRC_Handle_16            0x800'3a8d    0x2e  Code  Lc  stm32h7xx_hal_crc.o [6]
CRC_Handle_8             0x800'3a25    0x68  Code  Lc  stm32h7xx_hal_crc.o [6]
CRS_IRQHandler           0x800'6411          Code  Wk  startup_stm32h743xx.o [1]
CSTACK$$Base            0x2000'4ec0           --   Gb  - Linker created -
CSTACK$$Limit           0x2000'8ec0           --   Gb  - Linker created -
CheckAppCRC              0x800'2f59    0x2a  Code  Gb  Bootloader.o [3]
CmpCpuFlash              0x800'44f1    0x3a  Code  Gb  InternalFlash.o [5]
D1CorePrescTable         0x800'6024    0x10  Data  Gb  system_stm32h7xx.o [4]
DCMI_IRQHandler          0x800'6319          Code  Wk  startup_stm32h743xx.o [1]
DFSDM1_FLT0_IRQHandler   0x800'6395          Code  Wk  startup_stm32h743xx.o [1]
DFSDM1_FLT1_IRQHandler   0x800'6399          Code  Wk  startup_stm32h743xx.o [1]
DFSDM1_FLT2_IRQHandler   0x800'639d          Code  Wk  startup_stm32h743xx.o [1]
DFSDM1_FLT3_IRQHandler   0x800'63a1          Code  Wk  startup_stm32h743xx.o [1]
DMA1_Stream0_IRQHandler
                         0x800'6225          Code  Wk  startup_stm32h743xx.o [1]
DMA1_Stream1_IRQHandler
                         0x800'6229          Code  Wk  startup_stm32h743xx.o [1]
DMA1_Stream2_IRQHandler
                         0x800'622d          Code  Wk  startup_stm32h743xx.o [1]
DMA1_Stream3_IRQHandler
                         0x800'6231          Code  Wk  startup_stm32h743xx.o [1]
DMA1_Stream4_IRQHandler
                         0x800'6235          Code  Wk  startup_stm32h743xx.o [1]
DMA1_Stream5_IRQHandler
                         0x800'6239          Code  Wk  startup_stm32h743xx.o [1]
DMA1_Stream6_IRQHandler
                         0x800'623d          Code  Wk  startup_stm32h743xx.o [1]
DMA1_Stream7_IRQHandler
                         0x800'62b1          Code  Wk  startup_stm32h743xx.o [1]
DMA2D_IRQHandler         0x800'6345          Code  Wk  startup_stm32h743xx.o [1]
DMA2_Stream0_IRQHandler
                         0x800'62d1          Code  Wk  startup_stm32h743xx.o [1]
DMA2_Stream1_IRQHandler
                         0x800'62d5          Code  Wk  startup_stm32h743xx.o [1]
DMA2_Stream2_IRQHandler
                         0x800'62d9          Code  Wk  startup_stm32h743xx.o [1]
DMA2_Stream3_IRQHandler
                         0x800'62dd          Code  Wk  startup_stm32h743xx.o [1]
DMA2_Stream4_IRQHandler
                         0x800'62e1          Code  Wk  startup_stm32h743xx.o [1]
DMA2_Stream5_IRQHandler
                         0x800'62f1          Code  Wk  startup_stm32h743xx.o [1]
DMA2_Stream6_IRQHandler
                         0x800'62f5          Code  Wk  startup_stm32h743xx.o [1]
DMA2_Stream7_IRQHandler
                         0x800'62f9          Code  Wk  startup_stm32h743xx.o [1]
DMAMUX1_OVR_IRQHandler   0x800'6375          Code  Wk  startup_stm32h743xx.o [1]
DMAMUX2_OVR_IRQHandler   0x800'63d5          Code  Wk  startup_stm32h743xx.o [1]
DebugMon_Handler         0x800'61a3     0x2  Code  Gb  stm32h7xx_it.o [2]
ECC_IRQHandler           0x800'6415          Code  Wk  startup_stm32h743xx.o [1]
ETH_IRQHandler           0x800'62e5          Code  Wk  startup_stm32h743xx.o [1]
ETH_WKUP_IRQHandler      0x800'62e9          Code  Wk  startup_stm32h743xx.o [1]
EXTI0_IRQHandler         0x800'6211          Code  Wk  startup_stm32h743xx.o [1]
EXTI15_10_IRQHandler     0x800'6299          Code  Wk  startup_stm32h743xx.o [1]
EXTI1_IRQHandler         0x800'6215          Code  Wk  startup_stm32h743xx.o [1]
EXTI2_IRQHandler         0x800'6219          Code  Wk  startup_stm32h743xx.o [1]
EXTI3_IRQHandler         0x800'621d          Code  Wk  startup_stm32h743xx.o [1]
EXTI4_IRQHandler         0x800'6221          Code  Wk  startup_stm32h743xx.o [1]
EXTI9_5_IRQHandler       0x800'6255          Code  Wk  startup_stm32h743xx.o [1]
EraseCpuFlash            0x800'452b    0x44  Code  Gb  InternalFlash.o [5]
Error_Handler            0x800'2b61     0x4  Code  Gb  main.o [2]
FDCAN1_IT0_IRQHandler    0x800'6245          Code  Wk  startup_stm32h743xx.o [1]
FDCAN1_IT1_IRQHandler    0x800'624d          Code  Wk  startup_stm32h743xx.o [1]
FDCAN2_IT0_IRQHandler    0x800'6249          Code  Wk  startup_stm32h743xx.o [1]
FDCAN2_IT1_IRQHandler    0x800'6251          Code  Wk  startup_stm32h743xx.o [1]
FDCAN_CAL_IRQHandler     0x800'62ed          Code  Wk  startup_stm32h743xx.o [1]
FLASH_CRC_WaitForLastOperation
                         0x800'4d61    0x84  Code  Gb  stm32h7xx_hal_flash.o [6]
FLASH_Erase_Sector       0x800'4aa1    0x3c  Code  Gb  stm32h7xx_hal_flash_ex.o [6]
FLASH_IRQHandler         0x800'6209          Code  Wk  startup_stm32h743xx.o [1]
FLASH_MassErase          0x800'4a37    0x6a  Code  Lc  stm32h7xx_hal_flash_ex.o [6]
FLASH_OB_WaitForLastOperation
                         0x800'4d13    0x4e  Code  Gb  stm32h7xx_hal_flash.o [6]
FLASH_WaitForLastOperation
                         0x800'4c67    0xac  Code  Gb  stm32h7xx_hal_flash.o [6]
FMC_IRQHandler           0x800'62b5          Code  Wk  startup_stm32h743xx.o [1]
FPU_IRQHandler           0x800'6321          Code  Wk  startup_stm32h743xx.o [1]
GetAppCRC                0x800'2f39     0xc  Code  Gb  Bootloader.o [3]
GetBank                  0x800'2f0b    0x1a  Code  Gb  Bootloader.o [3]
GetSector                0x800'4431    0xa0  Code  Gb  InternalFlash.o [5]
HAL_CRCEx_Polynomial_Set
                         0x800'59df    0x50  Code  Gb  stm32h7xx_hal_crc_ex.o [6]
HAL_CRC_Calculate        0x800'39dd    0x48  Code  Gb  stm32h7xx_hal_crc.o [6]
HAL_CRC_Init             0x800'3965    0x74  Code  Gb  stm32h7xx_hal_crc.o [6]
HAL_CRC_MspInit          0x800'2cfd    0x22  Code  Gb  crc.o [2]
HAL_FLASHEx_Erase        0x800'4641    0xf8  Code  Gb  stm32h7xx_hal_flash_ex.o [6]
HAL_FLASHEx_OBGetConfig
                         0x800'4957    0xe0  Code  Gb  stm32h7xx_hal_flash_ex.o [6]
HAL_FLASHEx_OBProgram    0x800'474d   0x1f8  Code  Gb  stm32h7xx_hal_flash_ex.o [6]
HAL_FLASH_Lock           0x800'4be7    0x18  Code  Gb  stm32h7xx_hal_flash.o [6]
HAL_FLASH_OB_Launch      0x800'4c37    0x30  Code  Gb  stm32h7xx_hal_flash.o [6]
HAL_FLASH_OB_Lock        0x800'4c1f     0x2  Code  Gb  stm32h7xx_hal_flash.o [6]
HAL_FLASH_OB_Unlock      0x800'4bff    0x20  Code  Gb  stm32h7xx_hal_flash.o [6]
HAL_FLASH_Program        0x800'4b05    0xa6  Code  Gb  stm32h7xx_hal_flash.o [6]
HAL_FLASH_Unlock         0x800'4bb5    0x32  Code  Gb  stm32h7xx_hal_flash.o [6]
HAL_GPIO_Init            0x800'371d   0x1ee  Code  Gb  stm32h7xx_hal_gpio.o [6]
HAL_GPIO_ReadPin         0x800'390b     0xc  Code  Gb  stm32h7xx_hal_gpio.o [6]
HAL_GPIO_TogglePin       0x800'391f    0x10  Code  Gb  stm32h7xx_hal_gpio.o [6]
HAL_GPIO_WritePin        0x800'3917     0x8  Code  Gb  stm32h7xx_hal_gpio.o [6]
HAL_GetREVID             0x800'2bbb     0x8  Code  Gb  stm32h7xx_hal.o [6]
HAL_GetTick              0x800'21ad     0xc  Code  Wk  stm32h7xx_hal.o [6]
HAL_IncTick              0x800'36d1    0x10  Code  Wk  stm32h7xx_hal.o [6]
HAL_Init                 0x800'2b71    0x4a  Code  Gb  stm32h7xx_hal.o [6]
HAL_InitTick             0x800'25ad    0x7c  Code  Gb  stm32h7xx_hal_timebase_tim.o [2]
HAL_MspInit              0x800'36e1    0x28  Code  Gb  stm32h7xx_hal_msp.o [2]
HAL_NVIC_EnableIRQ       0x800'26ad    0x16  Code  Gb  stm32h7xx_hal_cortex.o [6]
HAL_NVIC_SetPriority     0x800'2671    0x3a  Code  Gb  stm32h7xx_hal_cortex.o [6]
HAL_NVIC_SetPriorityGrouping
                         0x800'2657    0x1a  Code  Gb  stm32h7xx_hal_cortex.o [6]
HAL_PWREx_ConfigSupply   0x800'3179    0x44  Code  Gb  stm32h7xx_hal_pwr_ex.o [6]
HAL_RCCEx_GetD3PCLK1Freq
                         0x800'1de9     0xa  Code  Gb  stm32h7xx_hal_rcc_ex.o [6]
HAL_RCCEx_GetPLL2ClockFreq
                         0x800'1e09    0x58  Code  Gb  stm32h7xx_hal_rcc_ex.o [6]
HAL_RCCEx_GetPLL3ClockFreq
                         0x800'1e61    0x58  Code  Gb  stm32h7xx_hal_rcc_ex.o [6]
HAL_RCCEx_PeriphCLKConfig
                         0x800'15fd   0x7c0  Code  Gb  stm32h7xx_hal_rcc_ex.o [6]
HAL_RCC_ClockConfig      0x800'21b9   0x1ac  Code  Gb  stm32h7xx_hal_rcc.o [6]
HAL_RCC_GetClockConfig   0x800'251f    0x4c  Code  Gb  stm32h7xx_hal_rcc.o [6]
HAL_RCC_GetHCLKFreq      0x800'24bf    0x30  Code  Gb  stm32h7xx_hal_rcc.o [6]
HAL_RCC_GetPCLK1Freq     0x800'24ef    0x10  Code  Gb  stm32h7xx_hal_rcc.o [6]
HAL_RCC_GetPCLK2Freq     0x800'24ff     0xe  Code  Gb  stm32h7xx_hal_rcc.o [6]
HAL_RCC_GetSysClockFreq
                         0x800'23c1    0xf0  Code  Gb  stm32h7xx_hal_rcc.o [6]
HAL_RCC_OscConfig        0x800'31c1   0x510  Code  Wk  stm32h7xx_hal_rcc.o [6]
HAL_TIMEx_Break2Callback
                         0x800'2b67     0x2  Code  Wk  stm32h7xx_hal_tim_ex.o [6]
HAL_TIMEx_BreakCallback
                         0x800'2b65     0x2  Code  Wk  stm32h7xx_hal_tim_ex.o [6]
HAL_TIMEx_CommutCallback
                         0x800'2b6b     0x2  Code  Wk  stm32h7xx_hal_tim_ex.o [6]
HAL_TIM_Base_Init        0x800'26d9    0x1a  Code  Gb  stm32h7xx_hal_tim.o [6]
HAL_TIM_Base_MspInit     0x800'2a1d     0x2  Code  Wk  stm32h7xx_hal_tim.o [6]
HAL_TIM_Base_Start_IT    0x800'26f3    0x7e  Code  Gb  stm32h7xx_hal_tim.o [6]
HAL_TIM_IC_CaptureCallback
                         0x800'2a1f     0x2  Code  Wk  stm32h7xx_hal_tim.o [6]
HAL_TIM_IRQHandler       0x800'27e9   0x15c  Code  Gb  stm32h7xx_hal_tim.o [6]
HAL_TIM_OC_DelayElapsedCallback
                         0x800'2a21     0x2  Code  Wk  stm32h7xx_hal_tim.o [6]
HAL_TIM_PWM_PulseFinishedCallback
                         0x800'2b6d     0x2  Code  Wk  stm32h7xx_hal_tim.o [6]
HAL_TIM_PeriodElapsedCallback
                         0x800'2b3d     0xe  Code  Gb  main.o [2]
HAL_TIM_TriggerCallback
                         0x800'2b69     0x2  Code  Wk  stm32h7xx_hal_tim.o [6]
HAL_UARTEx_DisableFifoMode
                         0x800'433d    0x3a  Code  Gb  stm32h7xx_hal_uart_ex.o [6]
HAL_UARTEx_SetRxFifoThreshold
                         0x800'438d    0x14  Code  Gb  stm32h7xx_hal_uart_ex.o [6]
HAL_UARTEx_SetTxFifoThreshold
                         0x800'4377    0x16  Code  Gb  stm32h7xx_hal_uart_ex.o [6]
HAL_UART_Init            0x800'3abd    0x34  Code  Gb  stm32h7xx_hal_uart.o [6]
HAL_UART_MspInit         0x800'2d8f    0x7c  Code  Gb  usart.o [2]
HAL_UART_Receive         0x800'3bd1    0xca  Code  Gb  stm32h7xx_hal_uart.o [6]
HAL_UART_Transmit        0x800'3b37    0x9a  Code  Gb  stm32h7xx_hal_uart.o [6]
HRTIM1_FLT_IRQHandler    0x800'6391          Code  Wk  startup_stm32h743xx.o [1]
HRTIM1_Master_IRQHandler
                         0x800'6379          Code  Wk  startup_stm32h743xx.o [1]
HRTIM1_TIMA_IRQHandler   0x800'637d          Code  Wk  startup_stm32h743xx.o [1]
HRTIM1_TIMB_IRQHandler   0x800'6381          Code  Wk  startup_stm32h743xx.o [1]
HRTIM1_TIMC_IRQHandler   0x800'6385          Code  Wk  startup_stm32h743xx.o [1]
HRTIM1_TIMD_IRQHandler   0x800'6389          Code  Wk  startup_stm32h743xx.o [1]
HRTIM1_TIME_IRQHandler   0x800'638d          Code  Wk  startup_stm32h743xx.o [1]
HSEM1_IRQHandler         0x800'63cd          Code  Wk  startup_stm32h743xx.o [1]
HardFault_Handler        0x800'619b     0x2  Code  Gb  stm32h7xx_it.o [2]
I2C1_ER_IRQHandler       0x800'6279          Code  Wk  startup_stm32h743xx.o [1]
I2C1_EV_IRQHandler       0x800'6275          Code  Wk  startup_stm32h743xx.o [1]
I2C2_ER_IRQHandler       0x800'6281          Code  Wk  startup_stm32h743xx.o [1]
I2C2_EV_IRQHandler       0x800'627d          Code  Wk  startup_stm32h743xx.o [1]
I2C3_ER_IRQHandler       0x800'6305          Code  Wk  startup_stm32h743xx.o [1]
I2C3_EV_IRQHandler       0x800'6301          Code  Wk  startup_stm32h743xx.o [1]
I2C4_ER_IRQHandler       0x800'635d          Code  Wk  startup_stm32h743xx.o [1]
I2C4_EV_IRQHandler       0x800'6359          Code  Wk  startup_stm32h743xx.o [1]
JPEG_IRQHandler          0x800'63c1          Code  Wk  startup_stm32h743xx.o [1]
LPTIM1_IRQHandler        0x800'6351          Code  Wk  startup_stm32h743xx.o [1]
LPTIM2_IRQHandler        0x800'63fd          Code  Wk  startup_stm32h743xx.o [1]
LPTIM3_IRQHandler        0x800'6401          Code  Wk  startup_stm32h743xx.o [1]
LPTIM4_IRQHandler        0x800'6405          Code  Wk  startup_stm32h743xx.o [1]
LPTIM5_IRQHandler        0x800'6409          Code  Wk  startup_stm32h743xx.o [1]
LPUART1_IRQHandler       0x800'640d          Code  Wk  startup_stm32h743xx.o [1]
LTDC_ER_IRQHandler       0x800'6341          Code  Wk  startup_stm32h743xx.o [1]
LTDC_IRQHandler          0x800'633d          Code  Wk  startup_stm32h743xx.o [1]
MDIOS_IRQHandler         0x800'63bd          Code  Wk  startup_stm32h743xx.o [1]
MDIOS_WKUP_IRQHandler    0x800'63b9          Code  Wk  startup_stm32h743xx.o [1]
MDMA_IRQHandler          0x800'63c5          Code  Wk  startup_stm32h743xx.o [1]
MX_CRC_Init              0x800'2cc9    0x34  Code  Gb  crc.o [2]
MX_FREERTOS_Init         0x800'2fc5    0x26  Code  Gb  freertos.o [2]
MX_FREERTOS_Init::os_thread_def_taskDefault
                         0x800'3098    0x1c  Data  Lc  freertos.o [2]
MX_FREERTOS_Init::os_thread_def_taskIAP
                         0x800'30b4    0x1c  Data  Lc  freertos.o [2]
MX_FREERTOS_Init::os_thread_def_taskKEY1
                         0x800'30d0    0x1c  Data  Lc  freertos.o [2]
MX_GPIO_Init             0x800'2bd9    0xd2  Code  Gb  gpio.o [2]
MX_USART1_UART_Init      0x800'2d31    0x5e  Code  Gb  usart.o [2]
MemManage_Handler        0x800'619d     0x2  Code  Gb  stm32h7xx_it.o [2]
NMI_Handler              0x800'6199     0x2  Code  Gb  stm32h7xx_it.o [2]
OBInit                  0x2000'4e28    0x44  Data  Gb  Bootloader.o [3]
OTG_FS_EP1_IN_IRQHandler
                         0x800'6369          Code  Wk  startup_stm32h743xx.o [1]
OTG_FS_EP1_OUT_IRQHandler
                         0x800'6365          Code  Wk  startup_stm32h743xx.o [1]
OTG_FS_IRQHandler        0x800'6371          Code  Wk  startup_stm32h743xx.o [1]
OTG_FS_WKUP_IRQHandler   0x800'636d          Code  Wk  startup_stm32h743xx.o [1]
OTG_HS_EP1_IN_IRQHandler
                         0x800'630d          Code  Wk  startup_stm32h743xx.o [1]
OTG_HS_EP1_OUT_IRQHandler
                         0x800'6309          Code  Wk  startup_stm32h743xx.o [1]
OTG_HS_IRQHandler        0x800'6315          Code  Wk  startup_stm32h743xx.o [1]
OTG_HS_WKUP_IRQHandler   0x800'6311          Code  Wk  startup_stm32h743xx.o [1]
PVD_AVD_IRQHandler       0x800'61fd          Code  Wk  startup_stm32h743xx.o [1]
PendSV_Handler           0x800'5eb1          Code  Gb  portasm.o [8]
QUADSPI_IRQHandler       0x800'634d          Code  Wk  startup_stm32h743xx.o [1]
RCCEx_PLL2_Config        0x800'1fe9    0xac  Code  Lc  stm32h7xx_hal_rcc_ex.o [6]
RCCEx_PLL3_Config        0x800'2095    0xac  Code  Lc  stm32h7xx_hal_rcc_ex.o [6]
RCC_IRQHandler           0x800'620d          Code  Wk  startup_stm32h743xx.o [1]
RNG_IRQHandler           0x800'631d          Code  Wk  startup_stm32h743xx.o [1]
RTC_Alarm_IRQHandler     0x800'629d          Code  Wk  startup_stm32h743xx.o [1]
RTC_WKUP_IRQHandler      0x800'6205          Code  Wk  startup_stm32h743xx.o [1]
ReadCpuFlash             0x800'44d1    0x20  Code  Gb  InternalFlash.o [5]
Region$$Table$$Base      0x800'6128           --   Gb  - Linker created -
Region$$Table$$Limit     0x800'6148           --   Gb  - Linker created -
Reset_Handler            0x800'61c9          Code  Wk  startup_stm32h743xx.o [1]
SAI1_IRQHandler          0x800'6339          Code  Wk  startup_stm32h743xx.o [1]
SAI2_IRQHandler          0x800'6349          Code  Wk  startup_stm32h743xx.o [1]
SAI3_IRQHandler          0x800'63a5          Code  Wk  startup_stm32h743xx.o [1]
SAI4_IRQHandler          0x800'6419          Code  Wk  startup_stm32h743xx.o [1]
SDMMC1_IRQHandler        0x800'62b9          Code  Wk  startup_stm32h743xx.o [1]
SDMMC2_IRQHandler        0x800'63c9          Code  Wk  startup_stm32h743xx.o [1]
SPDIF_RX_IRQHandler      0x800'6361          Code  Wk  startup_stm32h743xx.o [1]
SPI1_IRQHandler          0x800'6285          Code  Wk  startup_stm32h743xx.o [1]
SPI2_IRQHandler          0x800'6289          Code  Wk  startup_stm32h743xx.o [1]
SPI3_IRQHandler          0x800'62c1          Code  Wk  startup_stm32h743xx.o [1]
SPI4_IRQHandler          0x800'632d          Code  Wk  startup_stm32h743xx.o [1]
SPI5_IRQHandler          0x800'6331          Code  Wk  startup_stm32h743xx.o [1]
SPI6_IRQHandler          0x800'6335          Code  Wk  startup_stm32h743xx.o [1]
SVC_Handler              0x800'5f09          Code  Gb  portasm.o [8]
SWPMI1_IRQHandler        0x800'63a9          Code  Wk  startup_stm32h743xx.o [1]
SwapBank                 0x800'2ea5    0x5a  Code  Gb  Bootloader.o [3]
SysTick_Handler          0x800'5dad    0x26  Code  Gb  port.o [8]
SystemClock_Config       0x800'2a51    0xec  Code  Gb  main.o [2]
SystemCoreClock         0x2000'0018     0x4  Data  Gb  system_stm32h7xx.o [4]
SystemD2Clock           0x2000'001c     0x4  Data  Gb  system_stm32h7xx.o [4]
SystemInit               0x800'5f61    0x9a  Code  Gb  system_stm32h7xx.o [4]
TAMP_STAMP_IRQHandler    0x800'6201          Code  Wk  startup_stm32h743xx.o [1]
TIM15_IRQHandler         0x800'63ad          Code  Wk  startup_stm32h743xx.o [1]
TIM16_IRQHandler         0x800'63b1          Code  Wk  startup_stm32h743xx.o [1]
TIM17_IRQHandler         0x800'63b5          Code  Wk  startup_stm32h743xx.o [1]
TIM1_BRK_IRQHandler      0x800'6259          Code  Wk  startup_stm32h743xx.o [1]
TIM1_CC_IRQHandler       0x800'6265          Code  Wk  startup_stm32h743xx.o [1]
TIM1_TRG_COM_IRQHandler
                         0x800'6261          Code  Wk  startup_stm32h743xx.o [1]
TIM1_UP_IRQHandler       0x800'625d          Code  Wk  startup_stm32h743xx.o [1]
TIM2_IRQHandler          0x800'6269          Code  Wk  startup_stm32h743xx.o [1]
TIM3_IRQHandler          0x800'626d          Code  Wk  startup_stm32h743xx.o [1]
TIM4_IRQHandler          0x800'6271          Code  Wk  startup_stm32h743xx.o [1]
TIM5_IRQHandler          0x800'62bd          Code  Wk  startup_stm32h743xx.o [1]
TIM6_DAC_IRQHandler      0x800'61a5     0x6  Code  Gb  stm32h7xx_it.o [2]
TIM7_IRQHandler          0x800'62cd          Code  Wk  startup_stm32h743xx.o [1]
TIM8_BRK_TIM12_IRQHandler
                         0x800'62a1          Code  Wk  startup_stm32h743xx.o [1]
TIM8_CC_IRQHandler       0x800'62ad          Code  Wk  startup_stm32h743xx.o [1]
TIM8_TRG_COM_TIM14_IRQHandler
                         0x800'62a9          Code  Wk  startup_stm32h743xx.o [1]
TIM8_UP_TIM13_IRQHandler
                         0x800'62a5          Code  Wk  startup_stm32h743xx.o [1]
TIM_Base_SetConfig       0x800'294b    0xb2  Code  Gb  stm32h7xx_hal_tim.o [6]
TaskDefault              0x800'2feb    0x14  Code  Gb  freertos.o [2]
TaskIAP                  0x800'2fff    0x48  Code  Gb  freertos.o [2]
TaskKEY1                 0x800'3047    0x3e  Code  Gb  freertos.o [2]
UART4_IRQHandler         0x800'62c5          Code  Wk  startup_stm32h743xx.o [1]
UART5_IRQHandler         0x800'62c9          Code  Wk  startup_stm32h743xx.o [1]
UART7_IRQHandler         0x800'6325          Code  Wk  startup_stm32h743xx.o [1]
UART8_IRQHandler         0x800'6329          Code  Wk  startup_stm32h743xx.o [1]
UARTEx_SetNbDataToProcess
                         0x800'43e1    0x3e  Code  Lc  stm32h7xx_hal_uart_ex.o [6]
UARTEx_SetNbDataToProcess::denominator
                         0x800'4428     0x8  Data  Lc  stm32h7xx_hal_uart_ex.o [6]
UARTEx_SetNbDataToProcess::numerator
                         0x800'4420     0x8  Data  Lc  stm32h7xx_hal_uart_ex.o [6]
UARTPrescTable           0x800'4050    0x18  Data  Gb  stm32h7xx_hal_uart.o [6]
UART_AdvFeatureConfig    0x800'4081    0xc8  Code  Gb  stm32h7xx_hal_uart.o [6]
UART_CheckIdleState      0x800'4149    0x94  Code  Gb  stm32h7xx_hal_uart.o [6]
UART_EndRxTransfer       0x800'428d    0x28  Code  Lc  stm32h7xx_hal_uart.o [6]
UART_SetConfig           0x800'3cad   0x3a4  Code  Gb  stm32h7xx_hal_uart.o [6]
UART_WaitOnFlagUntilTimeout
                         0x800'41f7    0x8c  Code  Gb  stm32h7xx_hal_uart.o [6]
USART1_IRQHandler        0x800'628d          Code  Wk  startup_stm32h743xx.o [1]
USART2_IRQHandler        0x800'6291          Code  Wk  startup_stm32h743xx.o [1]
USART3_IRQHandler        0x800'6295          Code  Wk  startup_stm32h743xx.o [1]
USART6_IRQHandler        0x800'62fd          Code  Wk  startup_stm32h743xx.o [1]
UsageFault_Handler       0x800'61a1     0x2  Code  Gb  stm32h7xx_it.o [2]
WAKEUP_PIN_IRQHandler    0x800'641d          Code  Wk  startup_stm32h743xx.o [1]
WWDG_IRQHandler          0x800'61f9          Code  Wk  startup_stm32h743xx.o [1]
WriteCpuFlash            0x800'456f    0x92  Code  Gb  InternalFlash.o [5]
Ymodem_CalCRC16          0x800'58f9    0x22  Code  Gb  ymodem.o [7]
Ymodem_ParseData         0x800'5851    0x9e  Code  Gb  ymodem.o [7]
Ymodem_ParseInfo         0x800'5793    0xbe  Code  Gb  ymodem.o [7]
Ymodem_Receive           0x800'556b    0x10  Code  Gb  ymodem.o [7]
Ymodem_ReceiveFile       0x800'5583   0x1f8  Code  Gb  ymodem.o [7]
Ymodem_ReceiveFile::FlashWriteAddress
                        0x2000'4570     0x4  Data  Lc  ymodem.o [7]
Ymodem_ReceiveFile::PackNum
                        0x2000'4568     0x4  Data  Lc  ymodem.o [7]
Ymodem_ReceiveFile::ReceiveFileSize
                        0x2000'456c     0x4  Data  Lc  ymodem.o [7]
Ymodem_ReceiveFile::errCount
                        0x2000'415d     0x1  Data  Lc  ymodem.o [7]
Ymodem_RxBuffer         0x2000'4160   0x408  Data  Gb  ymodem.o [7]
Ymodem_Send              0x800'5559    0x12  Code  Gb  ymodem.o [7]
Ymodem_SendACK           0x800'593d     0xa  Code  Gb  ymodem.o [7]
Ymodem_SendC             0x800'598d     0xa  Code  Gb  ymodem.o [7]
Ymodem_SendCAN           0x800'5963     0xa  Code  Gb  ymodem.o [7]
Ymodem_SendNAK           0x800'5947     0x8  Code  Gb  ymodem.o [7]
Ymodem_State            0x2000'415c     0x1  Data  Gb  ymodem.o [7]
Ymodem_TxBuffer         0x2000'4574   0x408  Data  Gb  ymodem.o [7]
Ymodem_UpdateCRC16       0x800'591b    0x22  Code  Gb  ymodem.o [7]
_LC                      0x800'0299     0x6  Code  Lc  xprintffull_nomb.o [9]
_LitobFullNoMb           0x800'0f61   0x114  Code  Lc  xprintffull_nomb.o [9]
_Locale_lconv           0x2000'0020    0x38  Data  Lc  xlocale_c.o [9]
_PrintfFullNoMb          0x800'029f   0xc92  Code  Gb  xprintffull_nomb.o [9]
_Prout                   0x800'61b1    0x16  Code  Gb  xprout.o [9]
_PutcharsFullNoMb        0x800'10cd    0x2e  Code  Lc  xprintffull_nomb.o [9]
_SProut                  0x800'1193     0xa  Code  Gb  xsprout.o [9]
__NVIC_SetPriority       0x800'263d    0x1a  Code  Lc  stm32h7xx_hal_cortex.o [6]
__NVIC_SystemReset       0x800'2e1d    0x1a  Code  Lc  Bootloader.o [3]
__aeabi_cdcmple          0x800'12f5          Code  Gb  DblCmpLe.o [10]
__aeabi_cdrcmple         0x800'1329          Code  Gb  DblCmpGe.o [10]
__aeabi_d2iz             0x800'1461     0xe  Code  Gb  DblToS32.o [10]
__aeabi_d2uiz            0x800'14a1     0xe  Code  Gb  DblToU32.o [10]
__aeabi_ddiv             0x800'148f    0x12  Code  Gb  DblDiv.o [10]
__aeabi_dmul             0x800'14bd    0x12  Code  Gb  DblMul.o [10]
__aeabi_dsub             0x800'147d    0x12  Code  Gb  DblSub.o [10]
__aeabi_i2d              0x800'146f     0xe  Code  Gb  S32ToDbl.o [10]
__aeabi_ldiv0            0x800'15e5          Code  Gb  I64DivZer.o [11]
__aeabi_memclr           0x800'5e3d          Code  Gb  ABImemclr.o [11]
__aeabi_memclr4          0x800'3171          Code  Gb  ABImemclr4.o [11]
__aeabi_ui2d             0x800'14af     0xe  Code  Gb  U32ToDbl.o [10]
__checksum               0x80f'fffc     0x4  Data  Gb  Place holder __checksum
__checksum_begin {Abs}   0x800'0000          Data  Gb  <internal module>
__checksum_end {Abs}     0x80f'fffb          Data  Gb  <internal module>
__cmain                  0x800'6149          Code  Gb  cmain.o [11]
__exit                   0x800'15e9    0x14  Code  Gb  exit.o [12]
__iar_Fail_s             0x800'119d    0x1c  Code  Gb  xfail_s.o [9]
__iar_Memchr             0x800'1215          Code  Gb  memchr.o [11]
__iar_Memset4_word       0x800'5999          Code  Gb  ABImemset48.o [11]
__iar_Memset8_word       0x800'5999          Code  Gb  ABImemset48.o [11]
__iar_Stdout            0x2000'0058    0x48  Data  Gb  xfiles.o [9]
__iar_Strchr             0x800'117d          Code  Gb  strchr.o [11]
__iar_data_init3         0x800'60dd    0x28  Code  Gb  data_init.o [11]
__iar_frexp              0x800'1291          Code  Gb  frexp.o [10]
__iar_frexpl             0x800'1291          Code  Gb  frexp.o [10]
__iar_init_vfp           0x800'6105          Code  Gb  fpinit_M.o [10]
__iar_ldexp64            0x800'1371          Code  Gb  ldexp.o [10]
__iar_packbits_init_single3
                         0x800'1143    0x3a  Code  Gb  packbits_init_single.o [11]
__iar_program_start      0x800'617d          Code  Gb  cstartup_M.o [11]
__iar_scalbln64          0x800'1371          Code  Gb  ldexp.o [10]
__iar_scalbn64           0x800'1371          Code  Gb  ldexp.o [10]
__iar_small_Memcpy       0x800'1271          Code  Gb  ABImemcpy_small.o [11]
__iar_small_Memset       0x800'59cd          Code  Gb  ABImemset_small.o [11]
__iar_small_Memset_word
                         0x800'59cd          Code  Gb  ABImemset_small.o [11]
__iar_small_memcpy       0x800'126d          Code  Gb  ABImemcpy_small.o [11]
__iar_small_memcpy4      0x800'126d          Code  Gb  ABImemcpy_small.o [11]
__iar_small_memcpy8      0x800'126d          Code  Gb  ABImemcpy_small.o [11]
__iar_small_memset       0x800'59cd          Code  Gb  ABImemset_small.o [11]
__iar_small_uldivmod     0x800'14d9          Code  Gb  I64DivMod_small.o [11]
__iar_softfp___iar_frexp64
                         0x800'1285          Code  Gb  frexp.o [10]
__iar_softfp___iar_ldexp64
                         0x800'135d          Code  Gb  ldexp.o [10]
__iar_softfp___iar_scalbln64
                         0x800'135d          Code  Gb  ldexp.o [10]
__iar_softfp___iar_scalbn64
                         0x800'135d          Code  Gb  ldexp.o [10]
__iar_softfp_frexp       0x800'1285          Code  Gb  frexp.o [10]
__iar_softfp_frexpl      0x800'1285          Code  Gb  frexp.o [10]
__iar_softfp_ldexp       0x800'135d          Code  Gb  ldexp.o [10]
__iar_softfp_ldexpl      0x800'135d          Code  Gb  ldexp.o [10]
__iar_softfp_scalbln     0x800'135d          Code  Gb  ldexp.o [10]
__iar_softfp_scalblnl    0x800'135d          Code  Gb  ldexp.o [10]
__iar_softfp_scalbn      0x800'135d          Code  Gb  ldexp.o [10]
__iar_softfp_scalbnl     0x800'135d          Code  Gb  ldexp.o [10]
__iar_zero_init3         0x800'60a5    0x38  Code  Gb  zero_init3.o [11]
__low_level_init         0x800'6167     0x4  Code  Gb  low_level_init.o [9]
__vector_table           0x800'0000          Data  Gb  startup_stm32h743xx.o [1]
__write                  0x800'6079    0x2c  Code  Gb  write.o [2]
_call_main               0x800'6155          Code  Gb  cmain.o [11]
_exit                    0x800'6171          Code  Gb  cexit.o [11]
abort                    0x800'15df     0x6  Code  Gb  abort.o [9]
exit                     0x800'616b     0x4  Code  Gb  exit.o [9]
hcrc                    0x2000'4e6c    0x24  Data  Gb  crc.o [2]
htim6                   0x2000'4ddc    0x4c  Data  Gb  stm32h7xx_hal_timebase_tim.o [2]
huart1                  0x2000'4c6c    0x94  Data  Gb  usart.o [2]
ldexp                    0x800'1371          Code  Gb  ldexp.o [10]
ldexpl                   0x800'1371          Code  Gb  ldexp.o [10]
localeconv               0x800'14d1     0x4  Code  Gb  xlocale_c.o [9]
main                     0x800'2a25    0x2c  Code  Gb  main.o [2]
makeFreeRtosPriority     0x800'30ed     0xc  Code  Lc  cmsis_os.o [8]
memchr                   0x800'1215          Code  Gb  memchr.o [11]
memset                   0x800'3709    0x14  Code  Gb  memset.o [11]
obuf                    0x2000'4d8c    0x50  Data  Lc  xfiles.o [9]
osDelay                  0x800'3161     0xe  Code  Gb  cmsis_os.o [8]
osKernelStart            0x800'30f9     0xa  Code  Gb  cmsis_os.o [8]
osThreadCreate           0x800'3103    0x5e  Code  Gb  cmsis_os.o [8]
pFlash                  0x2000'4e90    0x1c  Data  Gb  stm32h7xx_hal_flash.o [6]
printf                   0x800'4e31    0x28  Code  Gb  printf.o [9]
prvAddCurrentTaskToDelayedList
                         0x800'54db    0x5e  Code  Lc  tasks.o [8]
prvAddNewTaskToReadyList
                         0x800'4f93    0xb0  Code  Lc  tasks.o [8]
prvDeleteTCB             0x800'5301    0x2a  Code  Lc  tasks.o [8]
prvIdleTask              0x800'52b5    0x4c  Code  Lc  tasks.o [8]
prvInitialiseNewTask     0x800'4f17    0x7c  Code  Lc  tasks.o [8]
prvInsertBlockIntoFreeList
                         0x800'5b97    0x46  Code  Lc  heap_4.o [8]
prvResetNextTaskUnblockTime
                         0x800'532b    0x1e  Code  Lc  tasks.o [8]
prvTaskExitError         0x800'5c9d    0x1c  Code  Lc  port.o [8]
putchar                  0x800'6035    0x44  Code  Gb  putchar.o [9]
pvPortMalloc             0x800'5a31   0x104  Code  Gb  heap_4.o [8]
pxCurrentTCB            0x2000'4bf8     0x4  Data  Gb  tasks.o [8]
pxDelayedTaskList       0x2000'4bfc     0x4  Data  Lc  tasks.o [8]
pxEnd                   0x2000'00a8     0x4  Data  Lc  heap_4.o [8]
pxOverflowDelayedTaskList
                        0x2000'4c00     0x4  Data  Lc  tasks.o [8]
pxPortInitialiseStack    0x800'5c75    0x26  Code  Gb  port.o [8]
pxReadyTasksLists       0x2000'4d00    0x8c  Data  Lc  tasks.o [8]
scalbln                  0x800'1371          Code  Gb  ldexp.o [10]
scalblnl                 0x800'1371          Code  Gb  ldexp.o [10]
scalbn                   0x800'1371          Code  Gb  ldexp.o [10]
scalbnl                  0x800'1371          Code  Gb  ldexp.o [10]
scale                    0x800'1075    0x46  Code  Lc  xprintffull_nomb.o [9]
sec_hand                0x2000'4eb8     0x4  Data  Lc  xfail_s.o [9]
sprintf                  0x800'5e45    0x40  Code  Gb  sprintf.o [9]
strchr                   0x800'117d          Code  Gb  strchr.o [11]
strlen                   0x800'11dd          Code  Gb  strlen.o [11]
taskDefaultHandle       0x2000'4eac     0x4  Data  Gb  freertos.o [2]
taskIAPHandle           0x2000'4eb0     0x4  Data  Gb  freertos.o [2]
taskKEY1Handle          0x2000'4eb4     0x4  Data  Gb  freertos.o [2]
ucHeap                  0x2000'00c0  0x3c00  Data  Lc  heap_4.o [8]
ucMaxSysCallPriority    0x2000'0000     0x1  Data  Lc  port.o [8]
ulMaxPRIGROUPValue      0x2000'0008     0x4  Data  Lc  port.o [8]
uwTick                  0x2000'0010     0x4  Data  Gb  stm32h7xx_hal.o [6]
uwTickFreq              0x2000'000c     0x1  Data  Gb  stm32h7xx_hal.o [6]
uwTickPrio              0x2000'0014     0x4  Data  Gb  stm32h7xx_hal.o [6]
uxCriticalNesting       0x2000'0004     0x4  Data  Lc  port.o [8]
uxCurrentNumberOfTasks  0x2000'4c1c     0x4  Data  Lc  tasks.o [8]
uxDeletedTasksWaitingCleanUp
                        0x2000'4c04     0x4  Data  Lc  tasks.o [8]
uxListRemove             0x800'5c4d    0x28  Code  Gb  list.o [8]
uxSchedulerSuspended    0x2000'4c40     0x4  Data  Lc  tasks.o [8]
uxTaskNumber            0x2000'4c38     0x4  Data  Lc  tasks.o [8]
uxTopReadyPriority      0x2000'4c24     0x4  Data  Lc  tasks.o [8]
vApplicationGetIdleTaskMemory
                         0x800'2fb5    0x10  Code  Gb  freertos.o [2]
vListInitialise          0x800'5be1    0x1a  Code  Gb  list.o [8]
vListInitialiseItem      0x800'5bfb     0x6  Code  Gb  list.o [8]
vListInsert              0x800'5c1b    0x32  Code  Gb  list.o [8]
vListInsertEnd           0x800'5c01    0x1a  Code  Gb  list.o [8]
vPortEnableVFP           0x800'5f45          Code  Gb  portasm.o [8]
vPortEnterCritical       0x800'5d59    0x32  Code  Gb  port.o [8]
vPortExitCritical        0x800'5d8b    0x22  Code  Gb  port.o [8]
vPortFree                0x800'5b43    0x54  Code  Gb  heap_4.o [8]
vPortSetupTimerInterrupt
                         0x800'5e85    0x2c  Code  Wk  port.o [8]
vPortStartFirstTask      0x800'5f25          Code  Gb  portasm.o [8]
vPortValidateInterruptPriority
                         0x800'5dd5    0x34  Code  Gb  port.o [8]
vTaskDelay               0x800'504d    0x2e  Code  Gb  tasks.o [8]
vTaskStartScheduler      0x800'509b    0x50  Code  Gb  tasks.o [8]
vTaskSuspendAll          0x800'50eb     0xc  Code  Gb  tasks.o [8]
vTaskSwitchContext       0x800'5261    0x52  Code  Gb  tasks.o [8]
xBlockAllocatedBit      0x2000'00bc     0x4  Data  Lc  heap_4.o [8]
xDelayedTaskList1       0x2000'4c44    0x14  Data  Lc  tasks.o [8]
xDelayedTaskList2       0x2000'4c58    0x14  Data  Lc  tasks.o [8]
xFreeBytesRemaining     0x2000'00ac     0x4  Data  Lc  heap_4.o [8]
xIdleStack              0x2000'49d0   0x200  Data  Lc  freertos.o [2]
xIdleTaskTCBBuffer      0x2000'497c    0x54  Data  Lc  freertos.o [2]
xMinimumEverFreeBytesRemaining
                        0x2000'00b0     0x4  Data  Lc  heap_4.o [8]
xNextTaskUnblockTime    0x2000'4c3c     0x4  Data  Lc  tasks.o [8]
xNumOfOverflows         0x2000'4c34     0x4  Data  Lc  tasks.o [8]
xNumberOfSuccessfulAllocations
                        0x2000'00b4     0x4  Data  Lc  heap_4.o [8]
xNumberOfSuccessfulFrees
                        0x2000'00b8     0x4  Data  Lc  heap_4.o [8]
xPendedTicks            0x2000'4c2c     0x4  Data  Lc  tasks.o [8]
xPendingReadyList       0x2000'4bd0    0x14  Data  Lc  tasks.o [8]
xPortStartScheduler      0x800'5cb9    0xa0  Code  Gb  port.o [8]
xSchedulerRunning       0x2000'4c28     0x4  Data  Lc  tasks.o [8]
xStart                  0x2000'00a0     0x8  Data  Lc  heap_4.o [8]
xSuspendedTaskList      0x2000'4c08    0x14  Data  Lc  tasks.o [8]
xTaskCreate              0x800'4ebb    0x5c  Code  Gb  tasks.o [8]
xTaskCreateStatic        0x800'4e59    0x62  Code  Gb  tasks.o [8]
xTaskGenericNotifyFromISR
                         0x800'53f5    0xc2  Code  Gb  tasks.o [8]
xTaskIncrementTick       0x800'51a1    0xc0  Code  Gb  tasks.o [8]
xTaskNotifyWait          0x800'535f    0x7e  Code  Gb  tasks.o [8]
xTaskResumeAll           0x800'50f7    0xa2  Code  Gb  tasks.o [8]
xTasksWaitingTermination
                        0x2000'4be4    0x14  Data  Lc  tasks.o [8]
xTickCount              0x2000'4c20     0x4  Data  Lc  tasks.o [8]
xYieldPending           0x2000'4c30     0x4  Data  Lc  tasks.o [8]
ydata                   0x2000'3cc0   0x40c  Data  Gb  ymodem.o [7]
yinfo                   0x2000'40cc    0x90  Data  Gb  ymodem.o [7]


[1] = E:\STM32H743_IAP\1.Firmware\STM32H743_Bootloader\EWARM\STM32H743_Bootloader\Obj\Application\EWARM
[2] = E:\STM32H743_IAP\1.Firmware\STM32H743_Bootloader\EWARM\STM32H743_Bootloader\Obj\Application\User\Core
[3] = E:\STM32H743_IAP\1.Firmware\STM32H743_Bootloader\EWARM\STM32H743_Bootloader\Obj\Drivers\Bootloader
[4] = E:\STM32H743_IAP\1.Firmware\STM32H743_Bootloader\EWARM\STM32H743_Bootloader\Obj\Drivers\CMSIS
[5] = E:\STM32H743_IAP\1.Firmware\STM32H743_Bootloader\EWARM\STM32H743_Bootloader\Obj\Drivers\InternalFlash
[6] = E:\STM32H743_IAP\1.Firmware\STM32H743_Bootloader\EWARM\STM32H743_Bootloader\Obj\Drivers\STM32H7xx_HAL_Driver
[7] = E:\STM32H743_IAP\1.Firmware\STM32H743_Bootloader\EWARM\STM32H743_Bootloader\Obj\Drivers\ymodem
[8] = E:\STM32H743_IAP\1.Firmware\STM32H743_Bootloader\EWARM\STM32H743_Bootloader\Obj\Middlewares\FreeRTOS
[9] = dl7M_tlf.a
[10] = m7M_tlv.a
[11] = rt7M_tl.a
[12] = shb_l.a

  25'563 bytes of readonly  code memory
     183 bytes of readonly  data memory
  36'540 bytes of readwrite data memory

Errors: none
Warnings: none
