###############################################################################
#
# IAR ELF Linker V9.30.1.335/W64 for ARM                  15/Jan/2024  21:52:50
# Copyright 2007-2022 IAR Systems AB.
#
#    Output file  =
#        E:\STM32H743_IAP\STM32H743_Bootloader\EWARM\STM32H743_Bootloader\Exe\STM32H743_Bootloader.out_nochecksum
#    Map file     =
#        E:\STM32H743_IAP\STM32H743_Bootloader\EWARM\STM32H743_Bootloader\List\STM32H743_Bootloader.map
#    Command line =
#        -f
#        E:\STM32H743_IAP\STM32H743_Bootloader\EWARM\STM32H743_Bootloader\Exe\STM32H743_Bootloader.out_nochecksum.rsp
#        (E:\STM32H743_IAP\STM32H743_Bootloader\EWARM\STM32H743_Bootloader\Obj\Drivers\Bootloader\Bootloader.o
#        E:\STM32H743_IAP\STM32H743_Bootloader\EWARM\STM32H743_Bootloader\Obj\Application\User\Core\crc.o
#        E:\STM32H743_IAP\STM32H743_Bootloader\EWARM\STM32H743_Bootloader\Obj\Application\User\Core\gpio.o
#        E:\STM32H743_IAP\STM32H743_Bootloader\EWARM\STM32H743_Bootloader\Obj\Application\User\Core\main.o
#        E:\STM32H743_IAP\STM32H743_Bootloader\EWARM\STM32H743_Bootloader\Obj\Application\EWARM\startup_stm32h743xx.o
#        E:\STM32H743_IAP\STM32H743_Bootloader\EWARM\STM32H743_Bootloader\Obj\Drivers\STM32H7xx_HAL_Driver\stm32h7xx_hal.o
#        E:\STM32H743_IAP\STM32H743_Bootloader\EWARM\STM32H743_Bootloader\Obj\Drivers\STM32H7xx_HAL_Driver\stm32h7xx_hal_cortex.o
#        E:\STM32H743_IAP\STM32H743_Bootloader\EWARM\STM32H743_Bootloader\Obj\Drivers\STM32H7xx_HAL_Driver\stm32h7xx_hal_crc.o
#        E:\STM32H743_IAP\STM32H743_Bootloader\EWARM\STM32H743_Bootloader\Obj\Drivers\STM32H7xx_HAL_Driver\stm32h7xx_hal_crc_ex.o
#        E:\STM32H743_IAP\STM32H743_Bootloader\EWARM\STM32H743_Bootloader\Obj\Drivers\STM32H7xx_HAL_Driver\stm32h7xx_hal_dma.o
#        E:\STM32H743_IAP\STM32H743_Bootloader\EWARM\STM32H743_Bootloader\Obj\Drivers\STM32H7xx_HAL_Driver\stm32h7xx_hal_dma_ex.o
#        E:\STM32H743_IAP\STM32H743_Bootloader\EWARM\STM32H743_Bootloader\Obj\Drivers\STM32H7xx_HAL_Driver\stm32h7xx_hal_exti.o
#        E:\STM32H743_IAP\STM32H743_Bootloader\EWARM\STM32H743_Bootloader\Obj\Drivers\STM32H7xx_HAL_Driver\stm32h7xx_hal_flash.o
#        E:\STM32H743_IAP\STM32H743_Bootloader\EWARM\STM32H743_Bootloader\Obj\Drivers\STM32H7xx_HAL_Driver\stm32h7xx_hal_flash_ex.o
#        E:\STM32H743_IAP\STM32H743_Bootloader\EWARM\STM32H743_Bootloader\Obj\Drivers\STM32H7xx_HAL_Driver\stm32h7xx_hal_gpio.o
#        E:\STM32H743_IAP\STM32H743_Bootloader\EWARM\STM32H743_Bootloader\Obj\Drivers\STM32H7xx_HAL_Driver\stm32h7xx_hal_hsem.o
#        E:\STM32H743_IAP\STM32H743_Bootloader\EWARM\STM32H743_Bootloader\Obj\Drivers\STM32H7xx_HAL_Driver\stm32h7xx_hal_i2c.o
#        E:\STM32H743_IAP\STM32H743_Bootloader\EWARM\STM32H743_Bootloader\Obj\Drivers\STM32H7xx_HAL_Driver\stm32h7xx_hal_i2c_ex.o
#        E:\STM32H743_IAP\STM32H743_Bootloader\EWARM\STM32H743_Bootloader\Obj\Drivers\STM32H7xx_HAL_Driver\stm32h7xx_hal_mdma.o
#        E:\STM32H743_IAP\STM32H743_Bootloader\EWARM\STM32H743_Bootloader\Obj\Application\User\Core\stm32h7xx_hal_msp.o
#        E:\STM32H743_IAP\STM32H743_Bootloader\EWARM\STM32H743_Bootloader\Obj\Drivers\STM32H7xx_HAL_Driver\stm32h7xx_hal_pwr.o
#        E:\STM32H743_IAP\STM32H743_Bootloader\EWARM\STM32H743_Bootloader\Obj\Drivers\STM32H7xx_HAL_Driver\stm32h7xx_hal_pwr_ex.o
#        E:\STM32H743_IAP\STM32H743_Bootloader\EWARM\STM32H743_Bootloader\Obj\Drivers\STM32H7xx_HAL_Driver\stm32h7xx_hal_rcc.o
#        E:\STM32H743_IAP\STM32H743_Bootloader\EWARM\STM32H743_Bootloader\Obj\Drivers\STM32H7xx_HAL_Driver\stm32h7xx_hal_rcc_ex.o
#        E:\STM32H743_IAP\STM32H743_Bootloader\EWARM\STM32H743_Bootloader\Obj\Drivers\STM32H7xx_HAL_Driver\stm32h7xx_hal_tim.o
#        E:\STM32H743_IAP\STM32H743_Bootloader\EWARM\STM32H743_Bootloader\Obj\Drivers\STM32H7xx_HAL_Driver\stm32h7xx_hal_tim_ex.o
#        E:\STM32H743_IAP\STM32H743_Bootloader\EWARM\STM32H743_Bootloader\Obj\Drivers\STM32H7xx_HAL_Driver\stm32h7xx_hal_uart.o
#        E:\STM32H743_IAP\STM32H743_Bootloader\EWARM\STM32H743_Bootloader\Obj\Drivers\STM32H7xx_HAL_Driver\stm32h7xx_hal_uart_ex.o
#        E:\STM32H743_IAP\STM32H743_Bootloader\EWARM\STM32H743_Bootloader\Obj\Application\User\Core\stm32h7xx_it.o
#        E:\STM32H743_IAP\STM32H743_Bootloader\EWARM\STM32H743_Bootloader\Obj\Drivers\CMSIS\system_stm32h7xx.o
#        E:\STM32H743_IAP\STM32H743_Bootloader\EWARM\STM32H743_Bootloader\Obj\Application\User\Core\usart.o
#        E:\STM32H743_IAP\STM32H743_Bootloader\EWARM\STM32H743_Bootloader\Obj\Application\User\Core\write.o
#        --no_out_extension -o
#        E:\STM32H743_IAP\STM32H743_Bootloader\EWARM\STM32H743_Bootloader\Exe\STM32H743_Bootloader.out_nochecksum
#        --redirect _Printf=_PrintfFullNoMb --redirect _Scanf=_ScanfFullNoMb
#        --map
#        E:\STM32H743_IAP\STM32H743_Bootloader\EWARM\STM32H743_Bootloader\List\STM32H743_Bootloader.map
#        --config
#        E:\STM32H743_IAP\STM32H743_Bootloader\EWARM/stm32h743xx_flash.icf
#        --semihosting --entry __iar_program_start --vfe --text_out locale
#        --cpu=Cortex-M7 --fpu=VFPv5_d16)
#
###############################################################################

*******************************************************************************
*** RUNTIME MODEL ATTRIBUTES
***

CppFlavor       = *
__CPP_Runtime   = 1
__SystemLibrary = DLib
__dlib_version  = 6


*******************************************************************************
*** HEAP SELECTION
***

The basic heap was selected because --advanced_heap
was not specified and the application did not appear to
be primarily optimized for speed.


*******************************************************************************
*** PLACEMENT SUMMARY
***

"A0":  place at address 0x800'0000 { ro section .intvec };
"P1":  place in [from 0x800'0000 to 0x80f'ffff] { ro };
define block CSTACK with size = 1K, alignment = 8 { };
define block HEAP with size = 512, alignment = 8 { };
"P2":  place in [from 0x2000'0000 to 0x2001'ffff] {
          rw, block CSTACK, block HEAP };
initialize by copy { rw };

  Section            Kind         Address    Size  Object
  -------            ----         -------    ----  ------
"A0":                                       0x298
  .intvec            ro code   0x800'0000   0x298  startup_stm32h743xx.o [1]
                             - 0x800'0298   0x298

"P1":                                      0x4560
  .text              ro code   0x800'0298   0xeaa  xprintffull_nomb.o [6]
  .text              ro code   0x800'1142    0x3a  packbits_init_single.o [8]
  .text              ro code   0x800'117c    0x16  strchr.o [8]
  .rodata            const     0x800'1192     0x2  xlocale_c.o [6]
  .text              ro code   0x800'1194    0x40  xfail_s.o [6]
  .text              ro code   0x800'11d4    0x36  strlen.o [8]
  .rodata            const     0x800'120a     0x1  xlocale_c.o [6]
  .text              ro code   0x800'120c    0x58  memchr.o [8]
  .text              ro code   0x800'1264    0xa6  ABImemcpy.o [8]
  .text              ro code   0x800'130c    0x70  frexp.o [7]
  .text              ro code   0x800'137c    0x34  DblCmpLe.o [7]
  .text              ro code   0x800'13b0    0x34  DblCmpGe.o [7]
  .text              ro code   0x800'13e4   0x104  ldexp.o [7]
  .text              ro code   0x800'14e8     0xe  DblToS32.o [7]
  .text              ro code   0x800'14f6     0xe  S32ToDbl.o [7]
  .text              ro code   0x800'1504    0x12  DblSub.o [7]
  .text              ro code   0x800'1516    0x12  DblDiv.o [7]
  .text              ro code   0x800'1528     0xe  DblToU32.o [7]
  .text              ro code   0x800'1536     0xe  U32ToDbl.o [7]
  .text              ro code   0x800'1544    0x12  DblMul.o [7]
  .text              ro code   0x800'1558     0x8  xlocale_c.o [6]
  .text              ro code   0x800'1560   0x106  I64DivMod_small.o [8]
  .text              ro code   0x800'1666     0x6  abort.o [6]
  .text              ro code   0x800'166c     0x2  I64DivZer.o [8]
  .text              ro code   0x800'1670    0x14  exit.o [9]
  .text              ro code   0x800'1684   0xbb0  stm32h7xx_hal_rcc_ex.o [5]
  .text              ro code   0x800'2234     0xc  stm32h7xx_hal.o [5]
  .text              ro code   0x800'2240   0x3a4  stm32h7xx_hal_rcc.o [5]
  .text              ro code   0x800'25e4    0x44  stm32h7xx_hal.o [5]
  .text              ro code   0x800'2628    0xac  stm32h7xx_hal_cortex.o [5]
  .text              ro code   0x800'26d4   0x7b4  stm32h7xx_hal_uart.o [5]
  .text              ro code   0x800'2e88    0xec  usart.o [2]
  .text              ro code   0x800'2f74   0x118  main.o [2]
  .text              ro code   0x800'308c    0xf4  stm32h7xx_hal_uart_ex.o [5]
  .text              ro code   0x800'3180    0x14  memset.o [8]
  .text              ro code   0x800'3194   0x224  stm32h7xx_hal_gpio.o [5]
  .text              ro code   0x800'33b8    0x68  stm32h7xx_hal.o [5]
  .text              ro code   0x800'3420    0x30  gpio.o [2]
  .text              ro code   0x800'3450    0x6c  crc.o [2]
  .text              ro code   0x800'34bc   0x194  Bootloader.o [3]
  .text              ro code   0x800'3650     0x6  ABImemclr4.o [8]
  .text              ro code   0x800'3658    0x48  stm32h7xx_hal_pwr_ex.o [5]
  .text              ro code   0x800'36a0   0x510  stm32h7xx_hal_rcc.o [5]
  .text              ro code   0x800'3bb0    0x66  ABImemset.o [8]
  .text              ro code   0x800'3c18    0x20  stm32h7xx_hal_msp.o [2]
  .text              ro code   0x800'3c38    0x78  stm32h7xx_hal_crc.o [5]
  .text              ro code   0x800'3cb0    0x28  printf.o [6]
  .text              ro code   0x800'3cd8   0x27c  stm32h7xx_hal_flash.o [5]
  .text              ro code   0x800'3f54   0x308  stm32h7xx_hal_flash_ex.o [5]
  .text              ro code   0x800'425c    0x32  ABImemset48.o [8]
  .text              ro code   0x800'428e    0x50  stm32h7xx_hal_crc_ex.o [5]
  .text              ro code   0x800'42e0    0xd4  system_stm32h7xx.o [4]
  .text              ro code   0x800'43b4    0x44  putchar.o [6]
  .text              ro code   0x800'43f8    0x2c  write.o [2]
  .text              ro code   0x800'4424    0x38  zero_init3.o [8]
  .text              ro code   0x800'445c    0x28  data_init.o [8]
  .text              ro code   0x800'4484    0x22  fpinit_M.o [7]
  .iar.init_table    const     0x800'44a8    0x20  - Linker created -
  .text              ro code   0x800'44c8    0x1e  cmain.o [8]
  .text              ro code   0x800'44e6     0x4  low_level_init.o [6]
  .text              ro code   0x800'44ea     0x4  exit.o [6]
  .text              ro code   0x800'44f0     0xa  cexit.o [8]
  .text              ro code   0x800'44fc    0x1c  cstartup_M.o [8]
  .text              ro code   0x800'4518    0x16  xprout.o [6]
  .text              ro code   0x800'452e    0x14  stm32h7xx_it.o [2]
  .text              ro code   0x800'4544    0x10  stm32h7xx_hal.o [5]
  .text              ro code   0x800'4554    0x10  startup_stm32h743xx.o [1]
  .text              ro code   0x800'4564     0x4  startup_stm32h743xx.o [1]
  .text              ro code   0x800'4568     0x4  startup_stm32h743xx.o [1]
  .text              ro code   0x800'456c     0x4  startup_stm32h743xx.o [1]
  .text              ro code   0x800'4570     0x4  startup_stm32h743xx.o [1]
  .text              ro code   0x800'4574     0x4  startup_stm32h743xx.o [1]
  .text              ro code   0x800'4578     0x4  startup_stm32h743xx.o [1]
  .text              ro code   0x800'457c     0x4  startup_stm32h743xx.o [1]
  .text              ro code   0x800'4580     0x4  startup_stm32h743xx.o [1]
  .text              ro code   0x800'4584     0x4  startup_stm32h743xx.o [1]
  .text              ro code   0x800'4588     0x4  startup_stm32h743xx.o [1]
  .text              ro code   0x800'458c     0x4  startup_stm32h743xx.o [1]
  .text              ro code   0x800'4590     0x4  startup_stm32h743xx.o [1]
  .text              ro code   0x800'4594     0x4  startup_stm32h743xx.o [1]
  .text              ro code   0x800'4598     0x4  startup_stm32h743xx.o [1]
  .text              ro code   0x800'459c     0x4  startup_stm32h743xx.o [1]
  .text              ro code   0x800'45a0     0x4  startup_stm32h743xx.o [1]
  .text              ro code   0x800'45a4     0x4  startup_stm32h743xx.o [1]
  .text              ro code   0x800'45a8     0x4  startup_stm32h743xx.o [1]
  .text              ro code   0x800'45ac     0x4  startup_stm32h743xx.o [1]
  .text              ro code   0x800'45b0     0x4  startup_stm32h743xx.o [1]
  .text              ro code   0x800'45b4     0x4  startup_stm32h743xx.o [1]
  .text              ro code   0x800'45b8     0x4  startup_stm32h743xx.o [1]
  .text              ro code   0x800'45bc     0x4  startup_stm32h743xx.o [1]
  .text              ro code   0x800'45c0     0x4  startup_stm32h743xx.o [1]
  .text              ro code   0x800'45c4     0x4  startup_stm32h743xx.o [1]
  .text              ro code   0x800'45c8     0x4  startup_stm32h743xx.o [1]
  .text              ro code   0x800'45cc     0x4  startup_stm32h743xx.o [1]
  .text              ro code   0x800'45d0     0x4  startup_stm32h743xx.o [1]
  .text              ro code   0x800'45d4     0x4  startup_stm32h743xx.o [1]
  .text              ro code   0x800'45d8     0x4  startup_stm32h743xx.o [1]
  .text              ro code   0x800'45dc     0x4  startup_stm32h743xx.o [1]
  .text              ro code   0x800'45e0     0x4  startup_stm32h743xx.o [1]
  .text              ro code   0x800'45e4     0x4  startup_stm32h743xx.o [1]
  .text              ro code   0x800'45e8     0x4  startup_stm32h743xx.o [1]
  .text              ro code   0x800'45ec     0x4  startup_stm32h743xx.o [1]
  .text              ro code   0x800'45f0     0x4  startup_stm32h743xx.o [1]
  .text              ro code   0x800'45f4     0x4  startup_stm32h743xx.o [1]
  .text              ro code   0x800'45f8     0x4  startup_stm32h743xx.o [1]
  .text              ro code   0x800'45fc     0x4  startup_stm32h743xx.o [1]
  .text              ro code   0x800'4600     0x4  startup_stm32h743xx.o [1]
  .text              ro code   0x800'4604     0x4  startup_stm32h743xx.o [1]
  .text              ro code   0x800'4608     0x4  startup_stm32h743xx.o [1]
  .text              ro code   0x800'460c     0x4  startup_stm32h743xx.o [1]
  .text              ro code   0x800'4610     0x4  startup_stm32h743xx.o [1]
  .text              ro code   0x800'4614     0x4  startup_stm32h743xx.o [1]
  .text              ro code   0x800'4618     0x4  startup_stm32h743xx.o [1]
  .text              ro code   0x800'461c     0x4  startup_stm32h743xx.o [1]
  .text              ro code   0x800'4620     0x4  startup_stm32h743xx.o [1]
  .text              ro code   0x800'4624     0x4  startup_stm32h743xx.o [1]
  .text              ro code   0x800'4628     0x4  startup_stm32h743xx.o [1]
  .text              ro code   0x800'462c     0x4  startup_stm32h743xx.o [1]
  .text              ro code   0x800'4630     0x4  startup_stm32h743xx.o [1]
  .text              ro code   0x800'4634     0x4  startup_stm32h743xx.o [1]
  .text              ro code   0x800'4638     0x4  startup_stm32h743xx.o [1]
  .text              ro code   0x800'463c     0x4  startup_stm32h743xx.o [1]
  .text              ro code   0x800'4640     0x4  startup_stm32h743xx.o [1]
  .text              ro code   0x800'4644     0x4  startup_stm32h743xx.o [1]
  .text              ro code   0x800'4648     0x4  startup_stm32h743xx.o [1]
  .text              ro code   0x800'464c     0x4  startup_stm32h743xx.o [1]
  .text              ro code   0x800'4650     0x4  startup_stm32h743xx.o [1]
  .text              ro code   0x800'4654     0x4  startup_stm32h743xx.o [1]
  .text              ro code   0x800'4658     0x4  startup_stm32h743xx.o [1]
  .text              ro code   0x800'465c     0x4  startup_stm32h743xx.o [1]
  .text              ro code   0x800'4660     0x4  startup_stm32h743xx.o [1]
  .text              ro code   0x800'4664     0x4  startup_stm32h743xx.o [1]
  .text              ro code   0x800'4668     0x4  startup_stm32h743xx.o [1]
  .text              ro code   0x800'466c     0x4  startup_stm32h743xx.o [1]
  .text              ro code   0x800'4670     0x4  startup_stm32h743xx.o [1]
  .text              ro code   0x800'4674     0x4  startup_stm32h743xx.o [1]
  .text              ro code   0x800'4678     0x4  startup_stm32h743xx.o [1]
  .text              ro code   0x800'467c     0x4  startup_stm32h743xx.o [1]
  .text              ro code   0x800'4680     0x4  startup_stm32h743xx.o [1]
  .text              ro code   0x800'4684     0x4  startup_stm32h743xx.o [1]
  .text              ro code   0x800'4688     0x4  startup_stm32h743xx.o [1]
  .text              ro code   0x800'468c     0x4  startup_stm32h743xx.o [1]
  .text              ro code   0x800'4690     0x4  startup_stm32h743xx.o [1]
  .text              ro code   0x800'4694     0x4  startup_stm32h743xx.o [1]
  .text              ro code   0x800'4698     0x4  startup_stm32h743xx.o [1]
  .text              ro code   0x800'469c     0x4  startup_stm32h743xx.o [1]
  .text              ro code   0x800'46a0     0x4  startup_stm32h743xx.o [1]
  .text              ro code   0x800'46a4     0x4  startup_stm32h743xx.o [1]
  .text              ro code   0x800'46a8     0x4  startup_stm32h743xx.o [1]
  .text              ro code   0x800'46ac     0x4  startup_stm32h743xx.o [1]
  .text              ro code   0x800'46b0     0x4  startup_stm32h743xx.o [1]
  .text              ro code   0x800'46b4     0x4  startup_stm32h743xx.o [1]
  .text              ro code   0x800'46b8     0x4  startup_stm32h743xx.o [1]
  .text              ro code   0x800'46bc     0x4  startup_stm32h743xx.o [1]
  .text              ro code   0x800'46c0     0x4  startup_stm32h743xx.o [1]
  .text              ro code   0x800'46c4     0x4  startup_stm32h743xx.o [1]
  .text              ro code   0x800'46c8     0x4  startup_stm32h743xx.o [1]
  .text              ro code   0x800'46cc     0x4  startup_stm32h743xx.o [1]
  .text              ro code   0x800'46d0     0x4  startup_stm32h743xx.o [1]
  .text              ro code   0x800'46d4     0x4  startup_stm32h743xx.o [1]
  .text              ro code   0x800'46d8     0x4  startup_stm32h743xx.o [1]
  .text              ro code   0x800'46dc     0x4  startup_stm32h743xx.o [1]
  .text              ro code   0x800'46e0     0x4  startup_stm32h743xx.o [1]
  .text              ro code   0x800'46e4     0x4  startup_stm32h743xx.o [1]
  .text              ro code   0x800'46e8     0x4  startup_stm32h743xx.o [1]
  .text              ro code   0x800'46ec     0x4  startup_stm32h743xx.o [1]
  .text              ro code   0x800'46f0     0x4  startup_stm32h743xx.o [1]
  .text              ro code   0x800'46f4     0x4  startup_stm32h743xx.o [1]
  .text              ro code   0x800'46f8     0x4  startup_stm32h743xx.o [1]
  .text              ro code   0x800'46fc     0x4  startup_stm32h743xx.o [1]
  .text              ro code   0x800'4700     0x4  startup_stm32h743xx.o [1]
  .text              ro code   0x800'4704     0x4  startup_stm32h743xx.o [1]
  .text              ro code   0x800'4708     0x4  startup_stm32h743xx.o [1]
  .text              ro code   0x800'470c     0x4  startup_stm32h743xx.o [1]
  .text              ro code   0x800'4710     0x4  startup_stm32h743xx.o [1]
  .text              ro code   0x800'4714     0x4  startup_stm32h743xx.o [1]
  .text              ro code   0x800'4718     0x4  startup_stm32h743xx.o [1]
  .text              ro code   0x800'471c     0x4  startup_stm32h743xx.o [1]
  .text              ro code   0x800'4720     0x4  startup_stm32h743xx.o [1]
  .text              ro code   0x800'4724     0x4  startup_stm32h743xx.o [1]
  .text              ro code   0x800'4728     0x4  startup_stm32h743xx.o [1]
  .text              ro code   0x800'472c     0x4  startup_stm32h743xx.o [1]
  .text              ro code   0x800'4730     0x4  startup_stm32h743xx.o [1]
  .text              ro code   0x800'4734     0x4  startup_stm32h743xx.o [1]
  .text              ro code   0x800'4738     0x4  startup_stm32h743xx.o [1]
  .text              ro code   0x800'473c     0x4  startup_stm32h743xx.o [1]
  .text              ro code   0x800'4740     0x4  startup_stm32h743xx.o [1]
  .text              ro code   0x800'4744     0x4  startup_stm32h743xx.o [1]
  .text              ro code   0x800'4748     0x4  startup_stm32h743xx.o [1]
  .text              ro code   0x800'474c     0x4  startup_stm32h743xx.o [1]
  .text              ro code   0x800'4750     0x4  startup_stm32h743xx.o [1]
  .text              ro code   0x800'4754     0x4  startup_stm32h743xx.o [1]
  .text              ro code   0x800'4758     0x4  startup_stm32h743xx.o [1]
  .text              ro code   0x800'475c     0x4  startup_stm32h743xx.o [1]
  .text              ro code   0x800'4760     0x4  startup_stm32h743xx.o [1]
  .text              ro code   0x800'4764     0x4  startup_stm32h743xx.o [1]
  .text              ro code   0x800'4768     0x4  startup_stm32h743xx.o [1]
  .text              ro code   0x800'476c     0x4  startup_stm32h743xx.o [1]
  .text              ro code   0x800'4770     0x4  startup_stm32h743xx.o [1]
  .text              ro code   0x800'4774     0x4  startup_stm32h743xx.o [1]
  .text              ro code   0x800'4778     0x4  startup_stm32h743xx.o [1]
  .text              ro code   0x800'477c     0x4  startup_stm32h743xx.o [1]
  .text              ro code   0x800'4780     0x4  startup_stm32h743xx.o [1]
  .text              ro code   0x800'4784     0x4  startup_stm32h743xx.o [1]
  .text              ro code   0x800'4788     0x4  startup_stm32h743xx.o [1]
  .text              ro code   0x800'478c     0x4  startup_stm32h743xx.o [1]
  .rodata            const     0x800'4790     0x0  zero_init3.o [8]
  .rodata            const     0x800'4790     0x0  packbits_init_single.o [8]
  Initializer bytes  const     0x800'4790    0x68  <for P2-1>
                             - 0x800'47f8  0x4560

"P2", part 1 of 3:                           0x94
  P2-1                        0x2000'0000    0x94  <Init block>
    .data            inited   0x2000'0000     0xc  stm32h7xx_hal.o [5]
    .data            inited   0x2000'000c     0x8  system_stm32h7xx.o [4]
    .data            inited   0x2000'0014    0x38  xlocale_c.o [6]
    .data            inited   0x2000'004c    0x48  xfiles.o [6]
                            - 0x2000'0094    0x94

"P2", part 2 of 3:                          0x16c
  .bss               zero     0x2000'0094    0x94  usart.o [2]
  .bss               zero     0x2000'0128    0x50  xfiles.o [6]
  .bss               zero     0x2000'0178    0x44  Bootloader.o [3]
  .bss               zero     0x2000'01bc    0x24  crc.o [2]
  .bss               zero     0x2000'01e0    0x1c  stm32h7xx_hal_flash.o [5]
  .bss               zero     0x2000'01fc     0x4  xfail_s.o [6]
                            - 0x2000'0200   0x16c

"P2", part 3 of 3:                          0x400
  CSTACK                      0x2000'0200   0x400  <Block>
    CSTACK           uninit   0x2000'0200   0x400  <Block tail>
                            - 0x2000'0600   0x400

Unused ranges:

         From           To      Size
         ----           --      ----
   0x800'47f8   0x80f'ffff  0xf'b808
  0x2000'0600  0x2001'ffff  0x1'fa00


*******************************************************************************
*** INIT TABLE
***

          Address      Size
          -------      ----
Zero (__iar_zero_init3)
    1 destination range, total size 0x16c:
          0x2000'0094  0x16c

Copy/packbits (__iar_packbits_init_single3)
    1 source range, total size 0x68 (70% of destination):
           0x800'4790   0x68
    1 destination range, total size 0x94:
          0x2000'0000   0x94



*******************************************************************************
*** MODULE SUMMARY
***

    Module                    ro code  ro data  rw data
    ------                    -------  -------  -------
command line/config:
    ---------------------------------------------------
    Total:

E:\STM32H743_IAP\STM32H743_Bootloader\EWARM\STM32H743_Bootloader\Obj\Application\EWARM: [1]
    startup_stm32h743xx.o       1'236
    ---------------------------------------------------
    Total:                      1'236

E:\STM32H743_IAP\STM32H743_Bootloader\EWARM\STM32H743_Bootloader\Obj\Application\User\Core: [2]
    crc.o                         108                36
    gpio.o                         48
    main.o                        280
    stm32h7xx_hal_msp.o            32
    stm32h7xx_it.o                 20
    usart.o                       236               148
    write.o                        44
    ---------------------------------------------------
    Total:                        768               184

E:\STM32H743_IAP\STM32H743_Bootloader\EWARM\STM32H743_Bootloader\Obj\Drivers\Bootloader: [3]
    Bootloader.o                  404                68
    ---------------------------------------------------
    Total:                        404                68

E:\STM32H743_IAP\STM32H743_Bootloader\EWARM\STM32H743_Bootloader\Obj\Drivers\CMSIS: [4]
    system_stm32h7xx.o            212        6        8
    ---------------------------------------------------
    Total:                        212        6        8

E:\STM32H743_IAP\STM32H743_Bootloader\EWARM\STM32H743_Bootloader\Obj\Drivers\STM32H7xx_HAL_Driver: [5]
    stm32h7xx_hal.o               200        8       12
    stm32h7xx_hal_cortex.o        172
    stm32h7xx_hal_crc.o           120
    stm32h7xx_hal_crc_ex.o         80
    stm32h7xx_hal_flash.o         636                28
    stm32h7xx_hal_flash_ex.o      776
    stm32h7xx_hal_gpio.o          548
    stm32h7xx_hal_pwr_ex.o         72
    stm32h7xx_hal_rcc.o         2'228
    stm32h7xx_hal_rcc_ex.o      2'992
    stm32h7xx_hal_uart.o        1'972
    stm32h7xx_hal_uart_ex.o       244
    ---------------------------------------------------
    Total:                     10'040        8       40

dl7M_tlf.a: [6]
    abort.o                         6
    exit.o                          4
    low_level_init.o                4
    printf.o                       40
    putchar.o                      68
    xfail_s.o                      64                 4
    xfiles.o                                51      152
    xlocale_c.o                     8       42       56
    xprintffull_nomb.o          3'754
    xprout.o                       22
    ---------------------------------------------------
    Total:                      3'970       93      212

m7M_tlv.a: [7]
    DblCmpGe.o                     52
    DblCmpLe.o                     52
    DblDiv.o                       18
    DblMul.o                       18
    DblSub.o                       18
    DblToS32.o                     14
    DblToU32.o                     14
    S32ToDbl.o                     14
    U32ToDbl.o                     14
    fpinit_M.o                     34
    frexp.o                       112
    ldexp.o                       260
    ---------------------------------------------------
    Total:                        620

rt7M_tl.a: [8]
    ABImemclr4.o                    6
    ABImemcpy.o                   166
    ABImemset.o                   102
    ABImemset48.o                  50
    I64DivMod_small.o             262
    I64DivZer.o                     2
    cexit.o                        10
    cmain.o                        30
    cstartup_M.o                   28
    data_init.o                    40
    memchr.o                       88
    memset.o                       20
    packbits_init_single.o         58
    strchr.o                       22
    strlen.o                       54
    zero_init3.o                   56
    ---------------------------------------------------
    Total:                        994

shb_l.a: [9]
    exit.o                         20
    ---------------------------------------------------
    Total:                         20

    Gaps                           19        2
    Linker created                          32    1'024
-------------------------------------------------------
    Grand Total:               18'283      141    1'536


*******************************************************************************
*** ENTRY LIST
***

Entry                       Address   Size  Type      Object
-----                       -------   ----  ----      ------
.iar.init_table$$Base    0x800'44a8          --   Gb  - Linker created -
.iar.init_table$$Limit   0x800'44c8          --   Gb  - Linker created -
?main                    0x800'44c9         Code  Gb  cmain.o [8]
ADC3_IRQHandler          0x800'4741         Code  Wk  startup_stm32h743xx.o [1]
ADC_IRQHandler           0x800'45ad         Code  Wk  startup_stm32h743xx.o [1]
BDMA_Channel0_IRQHandler
                         0x800'4749         Code  Wk  startup_stm32h743xx.o [1]
BDMA_Channel1_IRQHandler
                         0x800'474d         Code  Wk  startup_stm32h743xx.o [1]
BDMA_Channel2_IRQHandler
                         0x800'4751         Code  Wk  startup_stm32h743xx.o [1]
BDMA_Channel3_IRQHandler
                         0x800'4755         Code  Wk  startup_stm32h743xx.o [1]
BDMA_Channel4_IRQHandler
                         0x800'4759         Code  Wk  startup_stm32h743xx.o [1]
BDMA_Channel5_IRQHandler
                         0x800'475d         Code  Wk  startup_stm32h743xx.o [1]
BDMA_Channel6_IRQHandler
                         0x800'4761         Code  Wk  startup_stm32h743xx.o [1]
BDMA_Channel7_IRQHandler
                         0x800'4765         Code  Wk  startup_stm32h743xx.o [1]
BootRun                  0x800'34bd   0xb0  Code  Gb  Bootloader.o [3]
BusFault_Handler         0x800'4535    0x2  Code  Gb  stm32h7xx_it.o [2]
CEC_IRQHandler           0x800'46c5         Code  Wk  startup_stm32h743xx.o [1]
COMP1_IRQHandler         0x800'4769         Code  Wk  startup_stm32h743xx.o [1]
CRS_IRQHandler           0x800'4781         Code  Wk  startup_stm32h743xx.o [1]
CSTACK$$Base            0x2000'0200          --   Gb  - Linker created -
CSTACK$$Limit           0x2000'0600          --   Gb  - Linker created -
D1CorePrescTable         0x800'43a4   0x10  Data  Gb  system_stm32h7xx.o [4]
DCMI_IRQHandler          0x800'4689         Code  Wk  startup_stm32h743xx.o [1]
DFSDM1_FLT0_IRQHandler   0x800'4705         Code  Wk  startup_stm32h743xx.o [1]
DFSDM1_FLT1_IRQHandler   0x800'4709         Code  Wk  startup_stm32h743xx.o [1]
DFSDM1_FLT2_IRQHandler   0x800'470d         Code  Wk  startup_stm32h743xx.o [1]
DFSDM1_FLT3_IRQHandler   0x800'4711         Code  Wk  startup_stm32h743xx.o [1]
DMA1_Stream0_IRQHandler
                         0x800'4591         Code  Wk  startup_stm32h743xx.o [1]
DMA1_Stream1_IRQHandler
                         0x800'4595         Code  Wk  startup_stm32h743xx.o [1]
DMA1_Stream2_IRQHandler
                         0x800'4599         Code  Wk  startup_stm32h743xx.o [1]
DMA1_Stream3_IRQHandler
                         0x800'459d         Code  Wk  startup_stm32h743xx.o [1]
DMA1_Stream4_IRQHandler
                         0x800'45a1         Code  Wk  startup_stm32h743xx.o [1]
DMA1_Stream5_IRQHandler
                         0x800'45a5         Code  Wk  startup_stm32h743xx.o [1]
DMA1_Stream6_IRQHandler
                         0x800'45a9         Code  Wk  startup_stm32h743xx.o [1]
DMA1_Stream7_IRQHandler
                         0x800'461d         Code  Wk  startup_stm32h743xx.o [1]
DMA2D_IRQHandler         0x800'46b5         Code  Wk  startup_stm32h743xx.o [1]
DMA2_Stream0_IRQHandler
                         0x800'4641         Code  Wk  startup_stm32h743xx.o [1]
DMA2_Stream1_IRQHandler
                         0x800'4645         Code  Wk  startup_stm32h743xx.o [1]
DMA2_Stream2_IRQHandler
                         0x800'4649         Code  Wk  startup_stm32h743xx.o [1]
DMA2_Stream3_IRQHandler
                         0x800'464d         Code  Wk  startup_stm32h743xx.o [1]
DMA2_Stream4_IRQHandler
                         0x800'4651         Code  Wk  startup_stm32h743xx.o [1]
DMA2_Stream5_IRQHandler
                         0x800'4661         Code  Wk  startup_stm32h743xx.o [1]
DMA2_Stream6_IRQHandler
                         0x800'4665         Code  Wk  startup_stm32h743xx.o [1]
DMA2_Stream7_IRQHandler
                         0x800'4669         Code  Wk  startup_stm32h743xx.o [1]
DMAMUX1_OVR_IRQHandler   0x800'46e5         Code  Wk  startup_stm32h743xx.o [1]
DMAMUX2_OVR_IRQHandler   0x800'4745         Code  Wk  startup_stm32h743xx.o [1]
DebugMon_Handler         0x800'453b    0x2  Code  Gb  stm32h7xx_it.o [2]
ECC_IRQHandler           0x800'4785         Code  Wk  startup_stm32h743xx.o [1]
ETH_IRQHandler           0x800'4655         Code  Wk  startup_stm32h743xx.o [1]
ETH_WKUP_IRQHandler      0x800'4659         Code  Wk  startup_stm32h743xx.o [1]
EXTI0_IRQHandler         0x800'457d         Code  Wk  startup_stm32h743xx.o [1]
EXTI15_10_IRQHandler     0x800'4605         Code  Wk  startup_stm32h743xx.o [1]
EXTI1_IRQHandler         0x800'4581         Code  Wk  startup_stm32h743xx.o [1]
EXTI2_IRQHandler         0x800'4585         Code  Wk  startup_stm32h743xx.o [1]
EXTI3_IRQHandler         0x800'4589         Code  Wk  startup_stm32h743xx.o [1]
EXTI4_IRQHandler         0x800'458d         Code  Wk  startup_stm32h743xx.o [1]
EXTI9_5_IRQHandler       0x800'45c1         Code  Wk  startup_stm32h743xx.o [1]
Error_Handler            0x800'3089    0x4  Code  Gb  main.o [2]
FDCAN1_IT0_IRQHandler    0x800'45b1         Code  Wk  startup_stm32h743xx.o [1]
FDCAN1_IT1_IRQHandler    0x800'45b9         Code  Wk  startup_stm32h743xx.o [1]
FDCAN2_IT0_IRQHandler    0x800'45b5         Code  Wk  startup_stm32h743xx.o [1]
FDCAN2_IT1_IRQHandler    0x800'45bd         Code  Wk  startup_stm32h743xx.o [1]
FDCAN_CAL_IRQHandler     0x800'465d         Code  Wk  startup_stm32h743xx.o [1]
FLASH_CRC_WaitForLastOperation
                         0x800'3e85   0x84  Code  Gb  stm32h7xx_hal_flash.o [5]
FLASH_IRQHandler         0x800'4575         Code  Wk  startup_stm32h743xx.o [1]
FLASH_OB_WaitForLastOperation
                         0x800'3e37   0x4e  Code  Gb  stm32h7xx_hal_flash.o [5]
FLASH_WaitForLastOperation
                         0x800'3d8b   0xac  Code  Gb  stm32h7xx_hal_flash.o [5]
FMC_IRQHandler           0x800'4621         Code  Wk  startup_stm32h743xx.o [1]
FPU_IRQHandler           0x800'4691         Code  Wk  startup_stm32h743xx.o [1]
HAL_CRCEx_Polynomial_Set
                         0x800'428f   0x50  Code  Gb  stm32h7xx_hal_crc_ex.o [5]
HAL_CRC_Init             0x800'3c39   0x74  Code  Gb  stm32h7xx_hal_crc.o [5]
HAL_CRC_MspInit          0x800'3489   0x22  Code  Gb  crc.o [2]
HAL_FLASHEx_OBGetConfig
                         0x800'415f   0xe0  Code  Gb  stm32h7xx_hal_flash_ex.o [5]
HAL_FLASHEx_OBProgram    0x800'3f55  0x1f8  Code  Gb  stm32h7xx_hal_flash_ex.o [5]
HAL_FLASH_Lock           0x800'3d0b   0x18  Code  Gb  stm32h7xx_hal_flash.o [5]
HAL_FLASH_OB_Launch      0x800'3d5b   0x30  Code  Gb  stm32h7xx_hal_flash.o [5]
HAL_FLASH_OB_Lock        0x800'3d43    0x2  Code  Gb  stm32h7xx_hal_flash.o [5]
HAL_FLASH_OB_Unlock      0x800'3d23   0x20  Code  Gb  stm32h7xx_hal_flash.o [5]
HAL_FLASH_Unlock         0x800'3cd9   0x32  Code  Gb  stm32h7xx_hal_flash.o [5]
HAL_GPIO_Init            0x800'3195  0x1ee  Code  Gb  stm32h7xx_hal_gpio.o [5]
HAL_GetREVID             0x800'3403    0x8  Code  Gb  stm32h7xx_hal.o [5]
HAL_GetTick              0x800'2235    0xc  Code  Wk  stm32h7xx_hal.o [5]
HAL_IncTick              0x800'4545   0x10  Code  Wk  stm32h7xx_hal.o [5]
HAL_Init                 0x800'33b9   0x4a  Code  Gb  stm32h7xx_hal.o [5]
HAL_InitTick             0x800'25e5   0x44  Code  Wk  stm32h7xx_hal.o [5]
HAL_MspInit              0x800'3c19   0x20  Code  Gb  stm32h7xx_hal_msp.o [2]
HAL_NVIC_SetPriority     0x800'265d   0x3a  Code  Gb  stm32h7xx_hal_cortex.o [5]
HAL_NVIC_SetPriorityGrouping
                         0x800'2643   0x1a  Code  Gb  stm32h7xx_hal_cortex.o [5]
HAL_PWREx_ConfigSupply   0x800'3659   0x44  Code  Gb  stm32h7xx_hal_pwr_ex.o [5]
HAL_RCCEx_GetD3PCLK1Freq
                         0x800'1e71    0xa  Code  Gb  stm32h7xx_hal_rcc_ex.o [5]
HAL_RCCEx_GetPLL2ClockFreq
                         0x800'1e91   0x58  Code  Gb  stm32h7xx_hal_rcc_ex.o [5]
HAL_RCCEx_GetPLL3ClockFreq
                         0x800'1ee9   0x58  Code  Gb  stm32h7xx_hal_rcc_ex.o [5]
HAL_RCCEx_PeriphCLKConfig
                         0x800'1685  0x7c0  Code  Gb  stm32h7xx_hal_rcc_ex.o [5]
HAL_RCC_ClockConfig      0x800'2241  0x1ac  Code  Gb  stm32h7xx_hal_rcc.o [5]
HAL_RCC_GetHCLKFreq      0x800'2547   0x30  Code  Gb  stm32h7xx_hal_rcc.o [5]
HAL_RCC_GetPCLK1Freq     0x800'2577   0x10  Code  Gb  stm32h7xx_hal_rcc.o [5]
HAL_RCC_GetPCLK2Freq     0x800'2587    0xe  Code  Gb  stm32h7xx_hal_rcc.o [5]
HAL_RCC_GetSysClockFreq
                         0x800'2449   0xf0  Code  Gb  stm32h7xx_hal_rcc.o [5]
HAL_RCC_OscConfig        0x800'36a1  0x510  Code  Wk  stm32h7xx_hal_rcc.o [5]
HAL_SYSTICK_Config       0x800'2699   0x24  Code  Gb  stm32h7xx_hal_cortex.o [5]
HAL_UARTEx_DisableFifoMode
                         0x800'308d   0x3a  Code  Gb  stm32h7xx_hal_uart_ex.o [5]
HAL_UARTEx_SetRxFifoThreshold
                         0x800'30dd   0x14  Code  Gb  stm32h7xx_hal_uart_ex.o [5]
HAL_UARTEx_SetTxFifoThreshold
                         0x800'30c7   0x16  Code  Gb  stm32h7xx_hal_uart_ex.o [5]
HAL_UART_Init            0x800'26d5   0x34  Code  Gb  stm32h7xx_hal_uart.o [5]
HAL_UART_MspInit         0x800'2ee7   0x7c  Code  Gb  usart.o [2]
HAL_UART_Transmit        0x800'274f   0x9a  Code  Gb  stm32h7xx_hal_uart.o [5]
HRTIM1_FLT_IRQHandler    0x800'4701         Code  Wk  startup_stm32h743xx.o [1]
HRTIM1_Master_IRQHandler
                         0x800'46e9         Code  Wk  startup_stm32h743xx.o [1]
HRTIM1_TIMA_IRQHandler   0x800'46ed         Code  Wk  startup_stm32h743xx.o [1]
HRTIM1_TIMB_IRQHandler   0x800'46f1         Code  Wk  startup_stm32h743xx.o [1]
HRTIM1_TIMC_IRQHandler   0x800'46f5         Code  Wk  startup_stm32h743xx.o [1]
HRTIM1_TIMD_IRQHandler   0x800'46f9         Code  Wk  startup_stm32h743xx.o [1]
HRTIM1_TIME_IRQHandler   0x800'46fd         Code  Wk  startup_stm32h743xx.o [1]
HSEM1_IRQHandler         0x800'473d         Code  Wk  startup_stm32h743xx.o [1]
HardFault_Handler        0x800'4531    0x2  Code  Gb  stm32h7xx_it.o [2]
I2C1_ER_IRQHandler       0x800'45e5         Code  Wk  startup_stm32h743xx.o [1]
I2C1_EV_IRQHandler       0x800'45e1         Code  Wk  startup_stm32h743xx.o [1]
I2C2_ER_IRQHandler       0x800'45ed         Code  Wk  startup_stm32h743xx.o [1]
I2C2_EV_IRQHandler       0x800'45e9         Code  Wk  startup_stm32h743xx.o [1]
I2C3_ER_IRQHandler       0x800'4675         Code  Wk  startup_stm32h743xx.o [1]
I2C3_EV_IRQHandler       0x800'4671         Code  Wk  startup_stm32h743xx.o [1]
I2C4_ER_IRQHandler       0x800'46cd         Code  Wk  startup_stm32h743xx.o [1]
I2C4_EV_IRQHandler       0x800'46c9         Code  Wk  startup_stm32h743xx.o [1]
JPEG_IRQHandler          0x800'4731         Code  Wk  startup_stm32h743xx.o [1]
LPTIM1_IRQHandler        0x800'46c1         Code  Wk  startup_stm32h743xx.o [1]
LPTIM2_IRQHandler        0x800'476d         Code  Wk  startup_stm32h743xx.o [1]
LPTIM3_IRQHandler        0x800'4771         Code  Wk  startup_stm32h743xx.o [1]
LPTIM4_IRQHandler        0x800'4775         Code  Wk  startup_stm32h743xx.o [1]
LPTIM5_IRQHandler        0x800'4779         Code  Wk  startup_stm32h743xx.o [1]
LPUART1_IRQHandler       0x800'477d         Code  Wk  startup_stm32h743xx.o [1]
LTDC_ER_IRQHandler       0x800'46b1         Code  Wk  startup_stm32h743xx.o [1]
LTDC_IRQHandler          0x800'46ad         Code  Wk  startup_stm32h743xx.o [1]
MDIOS_IRQHandler         0x800'472d         Code  Wk  startup_stm32h743xx.o [1]
MDIOS_WKUP_IRQHandler    0x800'4729         Code  Wk  startup_stm32h743xx.o [1]
MDMA_IRQHandler          0x800'4735         Code  Wk  startup_stm32h743xx.o [1]
MX_CRC_Init              0x800'3451   0x38  Code  Gb  crc.o [2]
MX_GPIO_Init             0x800'3421   0x30  Code  Gb  gpio.o [2]
MX_USART1_UART_Init      0x800'2e89   0x5e  Code  Gb  usart.o [2]
MemManage_Handler        0x800'4533    0x2  Code  Gb  stm32h7xx_it.o [2]
NMI_Handler              0x800'452f    0x2  Code  Gb  stm32h7xx_it.o [2]
OBInit                  0x2000'0178   0x44  Data  Gb  Bootloader.o [3]
OTG_FS_EP1_IN_IRQHandler
                         0x800'46d9         Code  Wk  startup_stm32h743xx.o [1]
OTG_FS_EP1_OUT_IRQHandler
                         0x800'46d5         Code  Wk  startup_stm32h743xx.o [1]
OTG_FS_IRQHandler        0x800'46e1         Code  Wk  startup_stm32h743xx.o [1]
OTG_FS_WKUP_IRQHandler   0x800'46dd         Code  Wk  startup_stm32h743xx.o [1]
OTG_HS_EP1_IN_IRQHandler
                         0x800'467d         Code  Wk  startup_stm32h743xx.o [1]
OTG_HS_EP1_OUT_IRQHandler
                         0x800'4679         Code  Wk  startup_stm32h743xx.o [1]
OTG_HS_IRQHandler        0x800'4685         Code  Wk  startup_stm32h743xx.o [1]
OTG_HS_WKUP_IRQHandler   0x800'4681         Code  Wk  startup_stm32h743xx.o [1]
PVD_AVD_IRQHandler       0x800'4569         Code  Wk  startup_stm32h743xx.o [1]
PendSV_Handler           0x800'453d    0x2  Code  Gb  stm32h7xx_it.o [2]
QUADSPI_IRQHandler       0x800'46bd         Code  Wk  startup_stm32h743xx.o [1]
RCCEx_PLL2_Config        0x800'2071   0xac  Code  Lc  stm32h7xx_hal_rcc_ex.o [5]
RCCEx_PLL3_Config        0x800'211d   0xac  Code  Lc  stm32h7xx_hal_rcc_ex.o [5]
RCC_IRQHandler           0x800'4579         Code  Wk  startup_stm32h743xx.o [1]
RNG_IRQHandler           0x800'468d         Code  Wk  startup_stm32h743xx.o [1]
RTC_Alarm_IRQHandler     0x800'4609         Code  Wk  startup_stm32h743xx.o [1]
RTC_WKUP_IRQHandler      0x800'4571         Code  Wk  startup_stm32h743xx.o [1]
Region$$Table$$Base      0x800'44a8          --   Gb  - Linker created -
Region$$Table$$Limit     0x800'44c8          --   Gb  - Linker created -
Reset_Handler            0x800'4555         Code  Wk  startup_stm32h743xx.o [1]
SAI1_IRQHandler          0x800'46a9         Code  Wk  startup_stm32h743xx.o [1]
SAI2_IRQHandler          0x800'46b9         Code  Wk  startup_stm32h743xx.o [1]
SAI3_IRQHandler          0x800'4715         Code  Wk  startup_stm32h743xx.o [1]
SAI4_IRQHandler          0x800'4789         Code  Wk  startup_stm32h743xx.o [1]
SDMMC1_IRQHandler        0x800'4625         Code  Wk  startup_stm32h743xx.o [1]
SDMMC2_IRQHandler        0x800'4739         Code  Wk  startup_stm32h743xx.o [1]
SPDIF_RX_IRQHandler      0x800'46d1         Code  Wk  startup_stm32h743xx.o [1]
SPI1_IRQHandler          0x800'45f1         Code  Wk  startup_stm32h743xx.o [1]
SPI2_IRQHandler          0x800'45f5         Code  Wk  startup_stm32h743xx.o [1]
SPI3_IRQHandler          0x800'462d         Code  Wk  startup_stm32h743xx.o [1]
SPI4_IRQHandler          0x800'469d         Code  Wk  startup_stm32h743xx.o [1]
SPI5_IRQHandler          0x800'46a1         Code  Wk  startup_stm32h743xx.o [1]
SPI6_IRQHandler          0x800'46a5         Code  Wk  startup_stm32h743xx.o [1]
SVC_Handler              0x800'4539    0x2  Code  Gb  stm32h7xx_it.o [2]
SWPMI1_IRQHandler        0x800'4719         Code  Wk  startup_stm32h743xx.o [1]
SysTick_Handler          0x800'453f    0x4  Code  Gb  stm32h7xx_it.o [2]
SystemClock_Config       0x800'2f91   0xec  Code  Gb  main.o [2]
SystemCoreClock         0x2000'000c    0x4  Data  Gb  system_stm32h7xx.o [4]
SystemD2Clock           0x2000'0010    0x4  Data  Gb  system_stm32h7xx.o [4]
SystemInit               0x800'42e1   0x9a  Code  Gb  system_stm32h7xx.o [4]
TAMP_STAMP_IRQHandler    0x800'456d         Code  Wk  startup_stm32h743xx.o [1]
TIM15_IRQHandler         0x800'471d         Code  Wk  startup_stm32h743xx.o [1]
TIM16_IRQHandler         0x800'4721         Code  Wk  startup_stm32h743xx.o [1]
TIM17_IRQHandler         0x800'4725         Code  Wk  startup_stm32h743xx.o [1]
TIM1_BRK_IRQHandler      0x800'45c5         Code  Wk  startup_stm32h743xx.o [1]
TIM1_CC_IRQHandler       0x800'45d1         Code  Wk  startup_stm32h743xx.o [1]
TIM1_TRG_COM_IRQHandler
                         0x800'45cd         Code  Wk  startup_stm32h743xx.o [1]
TIM1_UP_IRQHandler       0x800'45c9         Code  Wk  startup_stm32h743xx.o [1]
TIM2_IRQHandler          0x800'45d5         Code  Wk  startup_stm32h743xx.o [1]
TIM3_IRQHandler          0x800'45d9         Code  Wk  startup_stm32h743xx.o [1]
TIM4_IRQHandler          0x800'45dd         Code  Wk  startup_stm32h743xx.o [1]
TIM5_IRQHandler          0x800'4629         Code  Wk  startup_stm32h743xx.o [1]
TIM6_DAC_IRQHandler      0x800'4639         Code  Wk  startup_stm32h743xx.o [1]
TIM7_IRQHandler          0x800'463d         Code  Wk  startup_stm32h743xx.o [1]
TIM8_BRK_TIM12_IRQHandler
                         0x800'460d         Code  Wk  startup_stm32h743xx.o [1]
TIM8_CC_IRQHandler       0x800'4619         Code  Wk  startup_stm32h743xx.o [1]
TIM8_TRG_COM_TIM14_IRQHandler
                         0x800'4615         Code  Wk  startup_stm32h743xx.o [1]
TIM8_UP_TIM13_IRQHandler
                         0x800'4611         Code  Wk  startup_stm32h743xx.o [1]
UART4_IRQHandler         0x800'4631         Code  Wk  startup_stm32h743xx.o [1]
UART5_IRQHandler         0x800'4635         Code  Wk  startup_stm32h743xx.o [1]
UART7_IRQHandler         0x800'4695         Code  Wk  startup_stm32h743xx.o [1]
UART8_IRQHandler         0x800'4699         Code  Wk  startup_stm32h743xx.o [1]
UARTEx_SetNbDataToProcess
                         0x800'3131   0x3e  Code  Lc  stm32h7xx_hal_uart_ex.o [5]
UARTEx_SetNbDataToProcess::denominator
                         0x800'3178    0x8  Data  Lc  stm32h7xx_hal_uart_ex.o [5]
UARTEx_SetNbDataToProcess::numerator
                         0x800'3170    0x8  Data  Lc  stm32h7xx_hal_uart_ex.o [5]
UARTPrescTable           0x800'2b9c   0x18  Data  Gb  stm32h7xx_hal_uart.o [5]
UART_AdvFeatureConfig    0x800'2bcd   0xc8  Code  Gb  stm32h7xx_hal_uart.o [5]
UART_CheckIdleState      0x800'2c95   0x94  Code  Gb  stm32h7xx_hal_uart.o [5]
UART_EndRxTransfer       0x800'2dd9   0x28  Code  Lc  stm32h7xx_hal_uart.o [5]
UART_SetConfig           0x800'27f9  0x3a4  Code  Gb  stm32h7xx_hal_uart.o [5]
UART_WaitOnFlagUntilTimeout
                         0x800'2d43   0x8c  Code  Gb  stm32h7xx_hal_uart.o [5]
USART1_IRQHandler        0x800'45f9         Code  Wk  startup_stm32h743xx.o [1]
USART2_IRQHandler        0x800'45fd         Code  Wk  startup_stm32h743xx.o [1]
USART3_IRQHandler        0x800'4601         Code  Wk  startup_stm32h743xx.o [1]
USART6_IRQHandler        0x800'466d         Code  Wk  startup_stm32h743xx.o [1]
UsageFault_Handler       0x800'4537    0x2  Code  Gb  stm32h7xx_it.o [2]
WAKEUP_PIN_IRQHandler    0x800'478d         Code  Wk  startup_stm32h743xx.o [1]
WWDG_IRQHandler          0x800'4565         Code  Wk  startup_stm32h743xx.o [1]
_LC                      0x800'0299    0x6  Code  Lc  xprintffull_nomb.o [6]
_LitobFullNoMb           0x800'0f61  0x114  Code  Lc  xprintffull_nomb.o [6]
_Locale_lconv           0x2000'0014   0x38  Data  Lc  xlocale_c.o [6]
_PrintfFullNoMb          0x800'029f  0xc92  Code  Gb  xprintffull_nomb.o [6]
_Prout                   0x800'4519   0x16  Code  Gb  xprout.o [6]
_PutcharsFullNoMb        0x800'10cd   0x2e  Code  Lc  xprintffull_nomb.o [6]
__NVIC_SetPriority       0x800'2629   0x1a  Code  Lc  stm32h7xx_hal_cortex.o [5]
__aeabi_cdcmple          0x800'137d         Code  Gb  DblCmpLe.o [7]
__aeabi_cdrcmple         0x800'13b1         Code  Gb  DblCmpGe.o [7]
__aeabi_d2iz             0x800'14e9    0xe  Code  Gb  DblToS32.o [7]
__aeabi_d2uiz            0x800'1529    0xe  Code  Gb  DblToU32.o [7]
__aeabi_ddiv             0x800'1517   0x12  Code  Gb  DblDiv.o [7]
__aeabi_dmul             0x800'1545   0x12  Code  Gb  DblMul.o [7]
__aeabi_dsub             0x800'1505   0x12  Code  Gb  DblSub.o [7]
__aeabi_i2d              0x800'14f7    0xe  Code  Gb  S32ToDbl.o [7]
__aeabi_ldiv0            0x800'166d         Code  Gb  I64DivZer.o [8]
__aeabi_memclr4          0x800'3651         Code  Gb  ABImemclr4.o [8]
__aeabi_memcpy           0x800'1265         Code  Gb  ABImemcpy.o [8]
__aeabi_memcpy4          0x800'1285         Code  Gb  ABImemcpy.o [8]
__aeabi_memcpy8          0x800'1285         Code  Gb  ABImemcpy.o [8]
__aeabi_memset           0x800'3bb1         Code  Gb  ABImemset.o [8]
__aeabi_ui2d             0x800'1537    0xe  Code  Gb  U32ToDbl.o [7]
__cmain                  0x800'44c9         Code  Gb  cmain.o [8]
__exit                   0x800'1671   0x14  Code  Gb  exit.o [9]
__iar_Fail_s             0x800'1195   0x1c  Code  Gb  xfail_s.o [6]
__iar_Memchr             0x800'120d         Code  Gb  memchr.o [8]
__iar_Memset             0x800'3bb1         Code  Gb  ABImemset.o [8]
__iar_Memset4_word       0x800'425d         Code  Gb  ABImemset48.o [8]
__iar_Memset8_word       0x800'425d         Code  Gb  ABImemset48.o [8]
__iar_Memset_word        0x800'3bb9         Code  Gb  ABImemset.o [8]
__iar_Stdout            0x2000'004c   0x48  Data  Gb  xfiles.o [6]
__iar_Strchr             0x800'117d         Code  Gb  strchr.o [8]
__iar_data_init3         0x800'445d   0x28  Code  Gb  data_init.o [8]
__iar_frexp              0x800'1319         Code  Gb  frexp.o [7]
__iar_frexpl             0x800'1319         Code  Gb  frexp.o [7]
__iar_init_vfp           0x800'4485         Code  Gb  fpinit_M.o [7]
__iar_ldexp64            0x800'13f9         Code  Gb  ldexp.o [7]
__iar_packbits_init_single3
                         0x800'1143   0x3a  Code  Gb  packbits_init_single.o [8]
__iar_program_start      0x800'44fd         Code  Gb  cstartup_M.o [8]
__iar_scalbln64          0x800'13f9         Code  Gb  ldexp.o [7]
__iar_scalbn64           0x800'13f9         Code  Gb  ldexp.o [7]
__iar_small_uldivmod     0x800'1561         Code  Gb  I64DivMod_small.o [8]
__iar_softfp___iar_frexp64
                         0x800'130d         Code  Gb  frexp.o [7]
__iar_softfp___iar_ldexp64
                         0x800'13e5         Code  Gb  ldexp.o [7]
__iar_softfp___iar_scalbln64
                         0x800'13e5         Code  Gb  ldexp.o [7]
__iar_softfp___iar_scalbn64
                         0x800'13e5         Code  Gb  ldexp.o [7]
__iar_softfp_frexp       0x800'130d         Code  Gb  frexp.o [7]
__iar_softfp_frexpl      0x800'130d         Code  Gb  frexp.o [7]
__iar_softfp_ldexp       0x800'13e5         Code  Gb  ldexp.o [7]
__iar_softfp_ldexpl      0x800'13e5         Code  Gb  ldexp.o [7]
__iar_softfp_scalbln     0x800'13e5         Code  Gb  ldexp.o [7]
__iar_softfp_scalblnl    0x800'13e5         Code  Gb  ldexp.o [7]
__iar_softfp_scalbn      0x800'13e5         Code  Gb  ldexp.o [7]
__iar_softfp_scalbnl     0x800'13e5         Code  Gb  ldexp.o [7]
__iar_zero_init3         0x800'4425   0x38  Code  Gb  zero_init3.o [8]
__low_level_init         0x800'44e7    0x4  Code  Gb  low_level_init.o [6]
__vector_table           0x800'0000         Data  Gb  startup_stm32h743xx.o [1]
__write                  0x800'43f9   0x2c  Code  Gb  write.o [2]
_call_main               0x800'44d5         Code  Gb  cmain.o [8]
_exit                    0x800'44f1         Code  Gb  cexit.o [8]
abort                    0x800'1667    0x6  Code  Gb  abort.o [6]
exit                     0x800'44eb    0x4  Code  Gb  exit.o [6]
hcrc                    0x2000'01bc   0x24  Data  Gb  crc.o [2]
huart1                  0x2000'0094   0x94  Data  Gb  usart.o [2]
ldexp                    0x800'13f9         Code  Gb  ldexp.o [7]
ldexpl                   0x800'13f9         Code  Gb  ldexp.o [7]
localeconv               0x800'1559    0x4  Code  Gb  xlocale_c.o [6]
main                     0x800'2f75   0x1c  Code  Gb  main.o [2]
memchr                   0x800'120d         Code  Gb  memchr.o [8]
memset                   0x800'3181   0x14  Code  Gb  memset.o [8]
obuf                    0x2000'0128   0x50  Data  Lc  xfiles.o [6]
pFlash                  0x2000'01e0   0x1c  Data  Gb  stm32h7xx_hal_flash.o [5]
printf                   0x800'3cb1   0x28  Code  Gb  printf.o [6]
putchar                  0x800'43b5   0x44  Code  Gb  putchar.o [6]
scalbln                  0x800'13f9         Code  Gb  ldexp.o [7]
scalblnl                 0x800'13f9         Code  Gb  ldexp.o [7]
scalbn                   0x800'13f9         Code  Gb  ldexp.o [7]
scalbnl                  0x800'13f9         Code  Gb  ldexp.o [7]
scale                    0x800'1075   0x46  Code  Lc  xprintffull_nomb.o [6]
sec_hand                0x2000'01fc    0x4  Data  Lc  xfail_s.o [6]
strchr                   0x800'117d         Code  Gb  strchr.o [8]
strlen                   0x800'11d5         Code  Gb  strlen.o [8]
uwTick                  0x2000'0004    0x4  Data  Gb  stm32h7xx_hal.o [5]
uwTickFreq              0x2000'0000    0x1  Data  Gb  stm32h7xx_hal.o [5]
uwTickPrio              0x2000'0008    0x4  Data  Gb  stm32h7xx_hal.o [5]


[1] = E:\STM32H743_IAP\STM32H743_Bootloader\EWARM\STM32H743_Bootloader\Obj\Application\EWARM
[2] = E:\STM32H743_IAP\STM32H743_Bootloader\EWARM\STM32H743_Bootloader\Obj\Application\User\Core
[3] = E:\STM32H743_IAP\STM32H743_Bootloader\EWARM\STM32H743_Bootloader\Obj\Drivers\Bootloader
[4] = E:\STM32H743_IAP\STM32H743_Bootloader\EWARM\STM32H743_Bootloader\Obj\Drivers\CMSIS
[5] = E:\STM32H743_IAP\STM32H743_Bootloader\EWARM\STM32H743_Bootloader\Obj\Drivers\STM32H7xx_HAL_Driver
[6] = dl7M_tlf.a
[7] = m7M_tlv.a
[8] = rt7M_tl.a
[9] = shb_l.a

  18'283 bytes of readonly  code memory
     141 bytes of readonly  data memory
   1'536 bytes of readwrite data memory

Errors: none
Warnings: none
